Component: ARM Compiler 5.06 update 7 (build 960) Tool: armlink [4d3601]

==============================================================================

Section Cross References

    system_stm32f10x.o(i.SetSysClock) refers to system_stm32f10x.o(i.SetSysClockTo72) for SetSysClockTo72
    system_stm32f10x.o(i.SystemCoreClockUpdate) refers to system_stm32f10x.o(.data) for SystemCoreClock
    system_stm32f10x.o(i.SystemInit) refers to system_stm32f10x.o(i.SetSysClock) for SetSysClock
    startup_stm32f10x_md.o(STACK) refers (Special) to heapauxi.o(.text) for __use_two_region_memory
    startup_stm32f10x_md.o(HEAP) refers (Special) to heapauxi.o(.text) for __use_two_region_memory
    startup_stm32f10x_md.o(RESET) refers (Special) to heapauxi.o(.text) for __use_two_region_memory
    startup_stm32f10x_md.o(RESET) refers to startup_stm32f10x_md.o(STACK) for __initial_sp
    startup_stm32f10x_md.o(RESET) refers to startup_stm32f10x_md.o(.text) for Reset_Handler
    startup_stm32f10x_md.o(RESET) refers to key.o(i.EXTI0_IRQHandler) for EXTI0_IRQHandler
    startup_stm32f10x_md.o(RESET) refers to key.o(i.EXTI1_IRQHandler) for EXTI1_IRQHandler
    startup_stm32f10x_md.o(RESET) refers to key.o(i.EXTI9_5_IRQHandler) for EXTI9_5_IRQHandler
    startup_stm32f10x_md.o(RESET) refers to key.o(i.TIM2_IRQHandler) for TIM2_IRQHandler
    startup_stm32f10x_md.o(RESET) refers to esp8266.o(i.TIM3_IRQHandler) for TIM3_IRQHandler
    startup_stm32f10x_md.o(RESET) refers to esp8266.o(i.USART2_IRQHandler) for USART2_IRQHandler
    startup_stm32f10x_md.o(.text) refers (Special) to heapauxi.o(.text) for __use_two_region_memory
    startup_stm32f10x_md.o(.text) refers to system_stm32f10x.o(i.SystemInit) for SystemInit
    startup_stm32f10x_md.o(.text) refers to __main.o(!!!main) for __main
    startup_stm32f10x_md.o(.text) refers to startup_stm32f10x_md.o(HEAP) for Heap_Mem
    startup_stm32f10x_md.o(.text) refers to startup_stm32f10x_md.o(STACK) for Stack_Mem
    stm32f10x_adc.o(i.ADC_DeInit) refers to stm32f10x_rcc.o(i.RCC_APB2PeriphResetCmd) for RCC_APB2PeriphResetCmd
    stm32f10x_bkp.o(i.BKP_DeInit) refers to stm32f10x_rcc.o(i.RCC_BackupResetCmd) for RCC_BackupResetCmd
    stm32f10x_can.o(i.CAN_DeInit) refers to stm32f10x_rcc.o(i.RCC_APB1PeriphResetCmd) for RCC_APB1PeriphResetCmd
    stm32f10x_can.o(i.CAN_GetITStatus) refers to stm32f10x_can.o(i.CheckITStatus) for CheckITStatus
    stm32f10x_cec.o(i.CEC_DeInit) refers to stm32f10x_rcc.o(i.RCC_APB1PeriphResetCmd) for RCC_APB1PeriphResetCmd
    stm32f10x_dac.o(i.DAC_DeInit) refers to stm32f10x_rcc.o(i.RCC_APB1PeriphResetCmd) for RCC_APB1PeriphResetCmd
    stm32f10x_flash.o(i.FLASH_EnableWriteProtection) refers to stm32f10x_flash.o(i.FLASH_WaitForLastOperation) for FLASH_WaitForLastOperation
    stm32f10x_flash.o(i.FLASH_EraseAllBank1Pages) refers to stm32f10x_flash.o(i.FLASH_WaitForLastBank1Operation) for FLASH_WaitForLastBank1Operation
    stm32f10x_flash.o(i.FLASH_EraseAllPages) refers to stm32f10x_flash.o(i.FLASH_WaitForLastOperation) for FLASH_WaitForLastOperation
    stm32f10x_flash.o(i.FLASH_EraseOptionBytes) refers to stm32f10x_flash.o(i.FLASH_GetReadOutProtectionStatus) for FLASH_GetReadOutProtectionStatus
    stm32f10x_flash.o(i.FLASH_EraseOptionBytes) refers to stm32f10x_flash.o(i.FLASH_WaitForLastOperation) for FLASH_WaitForLastOperation
    stm32f10x_flash.o(i.FLASH_ErasePage) refers to stm32f10x_flash.o(i.FLASH_WaitForLastOperation) for FLASH_WaitForLastOperation
    stm32f10x_flash.o(i.FLASH_ProgramHalfWord) refers to stm32f10x_flash.o(i.FLASH_WaitForLastOperation) for FLASH_WaitForLastOperation
    stm32f10x_flash.o(i.FLASH_ProgramOptionByteData) refers to stm32f10x_flash.o(i.FLASH_WaitForLastOperation) for FLASH_WaitForLastOperation
    stm32f10x_flash.o(i.FLASH_ProgramWord) refers to stm32f10x_flash.o(i.FLASH_WaitForLastOperation) for FLASH_WaitForLastOperation
    stm32f10x_flash.o(i.FLASH_ReadOutProtection) refers to stm32f10x_flash.o(i.FLASH_WaitForLastOperation) for FLASH_WaitForLastOperation
    stm32f10x_flash.o(i.FLASH_UserOptionByteConfig) refers to stm32f10x_flash.o(i.FLASH_WaitForLastOperation) for FLASH_WaitForLastOperation
    stm32f10x_flash.o(i.FLASH_WaitForLastBank1Operation) refers to stm32f10x_flash.o(i.FLASH_GetBank1Status) for FLASH_GetBank1Status
    stm32f10x_flash.o(i.FLASH_WaitForLastOperation) refers to stm32f10x_flash.o(i.FLASH_GetBank1Status) for FLASH_GetBank1Status
    stm32f10x_gpio.o(i.GPIO_AFIODeInit) refers to stm32f10x_rcc.o(i.RCC_APB2PeriphResetCmd) for RCC_APB2PeriphResetCmd
    stm32f10x_gpio.o(i.GPIO_DeInit) refers to stm32f10x_rcc.o(i.RCC_APB2PeriphResetCmd) for RCC_APB2PeriphResetCmd
    stm32f10x_i2c.o(i.I2C_DeInit) refers to stm32f10x_rcc.o(i.RCC_APB1PeriphResetCmd) for RCC_APB1PeriphResetCmd
    stm32f10x_i2c.o(i.I2C_Init) refers to stm32f10x_rcc.o(i.RCC_GetClocksFreq) for RCC_GetClocksFreq
    stm32f10x_pwr.o(i.PWR_DeInit) refers to stm32f10x_rcc.o(i.RCC_APB1PeriphResetCmd) for RCC_APB1PeriphResetCmd
[...]
    __ARM_exceptions_init                     - Undefined Weak Reference
    __alloca_initialize                       - Undefined Weak Reference
    __arm_fini_                               - Undefined Weak Reference
    __arm_preinit_                            - Undefined Weak Reference
    __cpp_initialize__aeabi_                  - Undefined Weak Reference
    __cxa_finalize                            - Undefined Weak Reference
    __sigvec_lookup                           - Undefined Weak Reference
    __user_heap_extent                        - Undefined Weak Reference
    _atexit_init                              - Undefined Weak Reference
    _call_atexit_fns                          - Undefined Weak Reference
    _clock_init                               - Undefined Weak Reference
    _fp_trap_init                             - Undefined Weak Reference
    _fp_trap_shutdown                         - Undefined Weak Reference
    _get_lc_collate                           - Undefined Weak Reference
    _get_lc_monetary                          - Undefined Weak Reference
    _get_lc_time                              - Undefined Weak Reference
    _getenv_init                              - Undefined Weak Reference
    _handle_redirection                       - Undefined Weak Reference
    _initio                                   - Undefined Weak Reference
    _mutex_acquire                            - Undefined Weak Reference
    _mutex_free                               - Undefined Weak Reference
    _mutex_release                            - Undefined Weak Reference
    _printf_mbtowc                            - Undefined Weak Reference
    _printf_wc                                - Undefined Weak Reference
    _rand_init                                - Undefined Weak Reference
    _scanf_longlong                           - Undefined Weak Reference
    _scanf_mbtowc                             - Undefined Weak Reference
    _scanf_real                               - Undefined Weak Reference
    _scanf_wctomb                             - Undefined Weak Reference
    _scanf_wstring                            - Undefined Weak Reference
    _signal_finish                            - Undefined Weak Reference
    _signal_init                              - Undefined Weak Reference
    _terminateio                              - Undefined Weak Reference
    __Vectors_Size                           0x000000ec   Number         0  startup_stm32f10x_md.o ABSOLUTE
    __Vectors                                0x08000000   Data           4  startup_stm32f10x_md.o(RESET)
    __Vectors_End                            0x080000ec   Data           0  startup_stm32f10x_md.o(RESET)
    __main                                   0x080000ed   Thumb Code     8  __main.o(!!!main)
    __scatterload                            0x080000f5   Thumb Code     0  __scatter.o(!!!scatter)
    __scatterload_rt2                        0x080000f5   Thumb Code    44  __scatter.o(!!!scatter)
    __scatterload_rt2_thumb_only             0x080000f5   Thumb Code     0  __scatter.o(!!!scatter)
    __scatterload_null                       0x08000103   Thumb Code     0  __scatter.o(!!!scatter)
    __scatterload_copy                       0x08000129   Thumb Code    26  __scatter_copy.o(!!handler_copy)
    __scatterload_zeroinit                   0x08000145   Thumb Code    28  __scatter_zi.o(!!handler_zi)
    _printf_n                                0x08000161   Thumb Code     0  _printf_n.o(.ARM.Collect$$_printf_percent$$00000001)
    _printf_percent                          0x08000161   Thumb Code     0  _printf_percent.o(.ARM.Collect$$_printf_percent$$00000000)
    _printf_p                                0x08000167   Thumb Code     0  _printf_p.o(.ARM.Collect$$_printf_percent$$00000002)
    _printf_f                                0x0800016d   Thumb Code     0  _printf_f.o(.ARM.Collect$$_printf_percent$$00000003)
    _printf_e                                0x08000173   Thumb Code     0  _printf_e.o(.ARM.Collect$$_printf_percent$$00000004)
    _printf_g                                0x08000179   Thumb Code     0  _printf_g.o(.ARM.Collect$$_printf_percent$$00000005)
    _printf_a                                0x0800017f   Thumb Code     0  _printf_a.o(.ARM.Collect$$_printf_percent$$00000006)
    _printf_ll                               0x08000185   Thumb Code     0  _printf_ll.o(.ARM.Collect$$_printf_percent$$00000007)
    _printf_i                                0x0800018f   Thumb Code     0  _printf_i.o(.ARM.Collect$$_printf_percent$$00000008)
    _printf_d                                0x08000195   Thumb Code     0  _printf_d.o(.ARM.Collect$$_printf_percent$$00000009)
    _printf_u                                0x0800019b   Thumb Code     0  _printf_u.o(.ARM.Collect$$_printf_percent$$0000000A)
    _printf_o                                0x080001a1   Thumb Code     0  _printf_o.o(.ARM.Collect$$_printf_percent$$0000000B)
    _printf_x                                0x080001a7   Thumb Code     0  _printf_x.o(.ARM.Collect$$_printf_percent$$0000000C)
    _printf_lli                              0x080001ad   Thumb Code     0  _printf_lli.o(.ARM.Collect$$_printf_percent$$0000000D)
    _printf_lld                              0x080001b3   Thumb Code     0  _printf_lld.o(.ARM.Collect$$_printf_percent$$0000000E)
    _printf_llu                              0x080001b9   Thumb Code     0  _printf_llu.o(.ARM.Collect$$_printf_percent$$0000000F)
    _printf_llo                              0x080001bf   Thumb Code     0  _printf_llo.o(.ARM.Collect$$_printf_percent$$00000010)
    _printf_llx                              0x080001c5   Thumb Code     0  _printf_llx.o(.ARM.Collect$$_printf_percent$$00000011)
    _printf_l                                0x080001cb   Thumb Code     0  _printf_l.o(.ARM.Collect$$_printf_percent$$00000012)
    _printf_c                                0x080001d5   Thumb Code     0  _printf_c.o(.ARM.Collect$$_printf_percent$$00000013)
    _printf_s                                0x080001db   Thumb Code     0  _printf_s.o(.ARM.Collect$$_printf_percent$$00000014)
    _printf_lc                               0x080001e1   Thumb Code     0  _printf_lc.o(.ARM.Collect$$_printf_percent$$00000015)
    _printf_ls                               0x080001e7   Thumb Code     0  _printf_ls.o(.ARM.Collect$$_printf_percent$$00000016)
    _printf_percent_end                      0x080001ed   Thumb Code     0  _printf_percent_end.o(.ARM.Collect$$_printf_percent$$00000017)
    __rt_lib_init                            0x080001f1   Thumb Code     0  libinit.o(.ARM.Collect$$libinit$$00000000)
    __rt_lib_init_fp_1                       0x080001f3   Thumb Code     0  libinit2.o(.ARM.Collect$$libinit$$00000002)
    __rt_lib_init_heap_2                     0x080001f3   Thumb Code     0  libinit2.o(.ARM.Collect$$libinit$$00000005)
    __rt_lib_init_preinit_1                  0x080001f3   Thumb Code     0  libinit2.o(.ARM.Collect$$libinit$$00000004)
    __rt_lib_init_heap_1                     0x080001fb   Thumb Code     0  libinit2.o(.ARM.Collect$$libinit$$0000000A)
    __rt_lib_init_lc_common                  0x080001fb   Thumb Code     0  libinit2.o(.ARM.Collect$$libinit$$0000000F)
    __rt_lib_init_rand_1                     0x080001fb   Thumb Code     0  libinit2.o(.ARM.Collect$$libinit$$0000000E)
    __rt_lib_init_user_alloc_1               0x080001fb   Thumb Code     0  libinit2.o(.ARM.Collect$$libinit$$0000000C)
    __rt_lib_init_lc_collate_1               0x08000201   Thumb Code     0  libinit2.o(.ARM.Collect$$libinit$$00000011)
    __rt_lib_init_lc_ctype_2                 0x08000201   Thumb Code     0  libinit2.o(.ARM.Collect$$libinit$$00000012)
    __rt_lib_init_lc_ctype_1                 0x0800020d   Thumb Code     0  libinit2.o(.ARM.Collect$$libinit$$00000013)
    __rt_lib_init_lc_monetary_1              0x0800020d   Thumb Code     0  libinit2.o(.ARM.Collect$$libinit$$00000015)
    __rt_lib_init_lc_numeric_2               0x0800020d   Thumb Code     0  libinit2.o(.ARM.Collect$$libinit$$00000016)
    __rt_lib_init_alloca_1                   0x08000217   Thumb Code     0  libinit2.o(.ARM.Collect$$libinit$$0000002E)
    __rt_lib_init_argv_1                     0x08000217   Thumb Code     0  libinit2.o(.ARM.Collect$$libinit$$0000002C)
    __rt_lib_init_atexit_1                   0x08000217   Thumb Code     0  libinit2.o(.ARM.Collect$$libinit$$0000001B)
    __rt_lib_init_clock_1                    0x08000217   Thumb Code     0  libinit2.o(.ARM.Collect$$libinit$$00000021)
    __rt_lib_init_cpp_1                      0x08000217   Thumb Code     0  libinit2.o(.ARM.Collect$$libinit$$00000032)
    __rt_lib_init_exceptions_1               0x08000217   Thumb Code     0  libinit2.o(.ARM.Collect$$libinit$$00000030)
    __rt_lib_init_fp_trap_1                  0x08000217   Thumb Code     0  libinit2.o(.ARM.Collect$$libinit$$0000001F)
    __rt_lib_init_getenv_1                   0x08000217   Thumb Code     0  libinit2.o(.ARM.Collect$$libinit$$00000023)
    __rt_lib_init_lc_numeric_1               0x08000217   Thumb Code     0  libinit2.o(.ARM.Collect$$libinit$$00000017)
    __rt_lib_init_lc_time_1                  0x08000217   Thumb Code     0  libinit2.o(.ARM.Collect$$libinit$$00000019)
    __rt_lib_init_return                     0x08000217   Thumb Code     0  libinit2.o(.ARM.Collect$$libinit$$00000033)
    __rt_lib_init_signal_1                   0x08000217   Thumb Code     0  libinit2.o(.ARM.Collect$$libinit$$0000001D)
    __rt_lib_init_stdio_1                    0x08000217   Thumb Code     0  libinit2.o(.ARM.Collect$$libinit$$00000025)
    __rt_lib_shutdown                        0x08000219   Thumb Code     0  libshutdown.o(.ARM.Collect$$libshutdown$$00000000)
    __rt_lib_shutdown_cpp_1                  0x0800021b   Thumb Code     0  libshutdown2.o(.ARM.Collect$$libshutdown$$00000004)
    __rt_lib_shutdown_fini_1                 0x0800021b   Thumb Code     0  libshutdown2.o(.ARM.Collect$$libshutdown$$00000002)
    __rt_lib_shutdown_fp_trap_1              0x0800021b   Thumb Code     0  libshutdown2.o(.ARM.Collect$$libshutdown$$00000009)
    __rt_lib_shutdown_heap_1                 0x0800021b   Thumb Code     0  libshutdown2.o(.ARM.Collect$$libshutdown$$00000011)
    __rt_lib_shutdown_return                 0x0800021b   Thumb Code     0  libshutdown2.o(.ARM.Collect$$libshutdown$$00000012)
    __rt_lib_shutdown_signal_1               0x0800021b   Thumb Code     0  libshutdown2.o(.ARM.Collect$$libshutdown$$0000000C)
    __rt_lib_shutdown_stdio_1                0x0800021b   Thumb Code     0  libshutdown2.o(.ARM.Collect$$libshutdown$$00000006)
    __rt_lib_shutdown_user_alloc_1           0x0800021b   Thumb Code     0  libshutdown2.o(.ARM.Collect$$libshutdown$$0000000E)
    __rt_entry                               0x0800021d   Thumb Code     0  __rtentry.o(.ARM.Collect$$rtentry$$00000000)
    __rt_entry_presh_1                       0x0800021d   Thumb Code     0  __rtentry2.o(.ARM.Collect$$rtentry$$00000002)
    __rt_entry_sh                            0x0800021d   Thumb Code     0  __rtentry4.o(.ARM.Collect$$rtentry$$00000004)
    __rt_entry_li                            0x08000223   Thumb Code     0  __rtentry2.o(.ARM.Collect$$rtentry$$0000000A)
    __rt_entry_postsh_1                      0x08000223   Thumb Code     0  __rtentry2.o(.ARM.Collect$$rtentry$$00000009)
    __rt_entry_main                          0x08000227   Thumb Code     0  __rtentry2.o(.ARM.Collect$$rtentry$$0000000D)
    __rt_entry_postli_1                      0x08000227   Thumb Code     0  __rtentry2.o(.ARM.Collect$$rtentry$$0000000C)
    __rt_exit                                0x0800022f   Thumb Code     0  rtexit.o(.ARM.Collect$$rtexit$$00000000)
    __rt_exit_ls                             0x08000231   Thumb Code     0  rtexit2.o(.ARM.Collect$$rtexit$$00000003)
    __rt_exit_prels_1                        0x08000231   Thumb Code     0  rtexit2.o(.ARM.Collect$$rtexit$$00000002)
    __rt_exit_exit                           0x08000235   Thumb Code     0  rtexit2.o(.ARM.Collect$$rtexit$$00000004)
    Reset_Handler                            0x0800023d   Thumb Code     8  startup_stm32f10x_md.o(.text)
    _maybe_terminate_alloc                   0x0800023d   Thumb Code     0  maybetermalloc1.o(.emb_text)
    NMI_Handler                              0x08000245   Thumb Code     2  startup_stm32f10x_md.o(.text)
    HardFault_Handler                        0x08000247   Thumb Code     2  startup_stm32f10x_md.o(.text)
    MemManage_Handler                        0x08000249   Thumb Code     2  startup_stm32f10x_md.o(.text)
    BusFault_Handler                         0x0800024b   Thumb Code     2  startup_stm32f10x_md.o(.text)
    UsageFault_Handler                       0x0800024d   Thumb Code     2  startup_stm32f10x_md.o(.text)
    SVC_Handler                              0x0800024f   Thumb Code     2  startup_stm32f10x_md.o(.text)
    DebugMon_Handler                         0x08000251   Thumb Code     2  startup_stm32f10x_md.o(.text)
    PendSV_Handler                           0x08000253   Thumb Code     2  startup_stm32f10x_md.o(.text)
    SysTick_Handler                          0x08000255   Thumb Code     2  startup_stm32f10x_md.o(.text)
    ADC1_2_IRQHandler                        0x08000257   Thumb Code     0  startup_stm32f10x_md.o(.text)
    CAN1_RX1_IRQHandler                      0x08000257   Thumb Code     0  startup_stm32f10x_md.o(.text)
    CAN1_SCE_IRQHandler                      0x08000257   Thumb Code     0  startup_stm32f10x_md.o(.text)
    DMA1_Channel1_IRQHandler                 0x08000257   Thumb Code     0  startup_stm32f10x_md.o(.text)
    DMA1_Channel2_IRQHandler                 0x08000257   Thumb Code     0  startup_stm32f10x_md.o(.text)
    DMA1_Channel3_IRQHandler                 0x08000257   Thumb Code     0  startup_stm32f10x_md.o(.text)
    DMA1_Channel4_IRQHandler                 0x08000257   Thumb Code     0  startup_stm32f10x_md.o(.text)
    DMA1_Channel5_IRQHandler                 0x08000257   Thumb Code     0  startup_stm32f10x_md.o(.text)
    DMA1_Channel6_IRQHandler                 0x08000257   Thumb Code     0  startup_stm32f10x_md.o(.text)
    DMA1_Channel7_IRQHandler                 0x08000257   Thumb Code     0  startup_stm32f10x_md.o(.text)
    EXTI15_10_IRQHandler                     0x08000257   Thumb Code     0  startup_stm32f10x_md.o(.text)
    EXTI2_IRQHandler                         0x08000257   Thumb Code     0  startup_stm32f10x_md.o(.text)
    EXTI3_IRQHandler                         0x08000257   Thumb Code     0  startup_stm32f10x_md.o(.text)
    EXTI4_IRQHandler                         0x08000257   Thumb Code     0  startup_stm32f10x_md.o(.text)
    FLASH_IRQHandler                         0x08000257   Thumb Code     0  startup_stm32f10x_md.o(.text)
    I2C1_ER_IRQHandler                       0x08000257   Thumb Code     0  startup_stm32f10x_md.o(.text)
    I2C1_EV_IRQHandler                       0x08000257   Thumb Code     0  startup_stm32f10x_md.o(.text)
    I2C2_ER_IRQHandler                       0x08000257   Thumb Code     0  startup_stm32f10x_md.o(.text)
    I2C2_EV_IRQHandler                       0x08000257   Thumb Code     0  startup_stm32f10x_md.o(.text)
    PVD_IRQHandler                           0x08000257   Thumb Code     0  startup_stm32f10x_md.o(.text)
    RCC_IRQHandler                           0x08000257   Thumb Code     0  startup_stm32f10x_md.o(.text)
    RTCAlarm_IRQHandler                      0x08000257   Thumb Code     0  startup_stm32f10x_md.o(.text)
    RTC_IRQHandler                           0x08000257   Thumb Code     0  startup_stm32f10x_md.o(.text)
    SPI1_IRQHandler                          0x08000257   Thumb Code     0  startup_stm32f10x_md.o(.text)
    SPI2_IRQHandler                          0x08000257   Thumb Code     0  startup_stm32f10x_md.o(.text)
    TAMPER_IRQHandler                        0x08000257   Thumb Code     0  startup_stm32f10x_md.o(.text)
    TIM1_BRK_IRQHandler                      0x08000257   Thumb Code     0  startup_stm32f10x_md.o(.text)
    TIM1_CC_IRQHandler                       0x08000257   Thumb Code     0  startup_stm32f10x_md.o(.text)
    TIM1_TRG_COM_IRQHandler                  0x08000257   Thumb Code     0  startup_stm32f10x_md.o(.text)
    TIM1_UP_IRQHandler                       0x08000257   Thumb Code     0  startup_stm32f10x_md.o(.text)
    TIM4_IRQHandler                          0x08000257   Thumb Code     0  startup_stm32f10x_md.o(.text)
    USART1_IRQHandler                        0x08000257   Thumb Code     0  startup_stm32f10x_md.o(.text)
    USART3_IRQHandler                        0x08000257   Thumb Code     0  startup_stm32f10x_md.o(.text)
    USBWakeUp_IRQHandler                     0x08000257   Thumb Code     0  startup_stm32f10x_md.o(.text)
    USB_HP_CAN1_TX_IRQHandler                0x08000257   Thumb Code     0  startup_stm32f10x_md.o(.text)
    USB_LP_CAN1_RX0_IRQHandler               0x08000257   Thumb Code     0  startup_stm32f10x_md.o(.text)
    WWDG_IRQHandler                          0x08000257   Thumb Code     0  startup_stm32f10x_md.o(.text)
    __user_initial_stackheap                 0x08000259   Thumb Code     0  startup_stm32f10x_md.o(.text)
    malloc                                   0x0800027d   Thumb Code    94  h1_alloc.o(.text)
    free                                     0x080002db   Thumb Code    78  h1_free.o(.text)
    tolower                                  0x08000329   Thumb Code    26  tolower.o(.text)
    vsnprintf                                0x08000345   Thumb Code    48  vsnprintf.o(.text)
    __2sprintf                               0x08000379   Thumb Code    38  __2sprintf.o(.text)
    __2snprintf                              0x080003a5   Thumb Code    50  __2snprintf.o(.text)
    _printf_pre_padding                      0x080003dd   Thumb Code    44  _printf_pad.o(.text)
    _printf_post_padding                     0x08000409   Thumb Code    34  _printf_pad.o(.text)
    _printf_str                              0x0800042b   Thumb Code    82  _printf_str.o(.text)
    _printf_int_dec                          0x0800047d   Thumb Code   104  _printf_dec.o(.text)
    _printf_longlong_hex                     0x080004f5   Thumb Code    86  _printf_hex_int_ll_ptr.o(.text)
    _printf_int_hex                          0x0800054b   Thumb Code    28  _printf_hex_int_ll_ptr.o(.text)
    _printf_ll_hex                           0x08000567   Thumb Code    12  _printf_hex_int_ll_ptr.o(.text)
    _printf_hex_ptr                          0x08000573   Thumb Code    18  _printf_hex_int_ll_ptr.o(.text)
    __printf                                 0x08000589   Thumb Code   388  __printf_flags_ss_wp.o(.text)
    strchr                                   0x08000711   Thumb Code    20  strchr.o(.text)
    strncat                                  0x08000725   Thumb Code    36  strncat.o(.text)
    strstr                                   0x08000749   Thumb Code    36  strstr.o(.text)
    strcpy                                   0x0800076d   Thumb Code    72  strcpy.o(.text)
    strlen                                   0x080007b5   Thumb Code    62  strlen.o(.text)
    strncmp                                  0x080007f3   Thumb Code   150  strncmp.o(.text)
    strcat                                   0x08000889   Thumb Code    24  strcat.o(.text)
    __aeabi_memcpy                           0x080008a1   Thumb Code     0  rt_memcpy_v6.o(.text)
    __rt_memcpy                              0x080008a1   Thumb Code   138  rt_memcpy_v6.o(.text)
    _memcpy_lastbytes                        0x08000907   Thumb Code     0  rt_memcpy_v6.o(.text)
    __aeabi_memcpy4                          0x0800092b   Thumb Code     0  rt_memcpy_w.o(.text)
    __aeabi_memcpy8                          0x0800092b   Thumb Code     0  rt_memcpy_w.o(.text)
    __rt_memcpy_w                            0x0800092b   Thumb Code   100  rt_memcpy_w.o(.text)
    _memcpy_lastbytes_aligned                0x08000973   Thumb Code     0  rt_memcpy_w.o(.text)
    __aeabi_memclr                           0x0800098f   Thumb Code     0  rt_memclr.o(.text)
    __rt_memclr                              0x0800098f   Thumb Code    68  rt_memclr.o(.text)
    _memset                                  0x08000993   Thumb Code     0  rt_memclr.o(.text)
    __aeabi_memclr4                          0x080009d3   Thumb Code     0  rt_memclr_w.o(.text)
    __aeabi_memclr8                          0x080009d3   Thumb Code     0  rt_memclr_w.o(.text)
    __rt_memclr_w                            0x080009d3   Thumb Code    78  rt_memclr_w.o(.text)
    _memset_w                                0x080009d7   Thumb Code     0  rt_memclr_w.o(.text)
    __use_two_region_memory                  0x08000a21   Thumb Code     2  heapauxi.o(.text)
    __rt_heap_escrow                         0x08000a23   Thumb Code     2  heapauxi.o(.text)
    __rt_heap_expand                         0x08000a25   Thumb Code     2  heapauxi.o(.text)
    __rt_ctype_table                         0x08000a29   Thumb Code    16  rt_ctype_table.o(.text)
    __rt_heap_descriptor                     0x08000a39   Thumb Code     8  rt_heap_descriptor_intlibspace.o(.text)
    __use_no_heap                            0x08000a41   Thumb Code     2  hguard.o(.text)
    __heap$guard                             0x08000a43   Thumb Code     2  hguard.o(.text)
    _terminate_user_alloc                    0x08000a45   Thumb Code     2  init_alloc.o(.text)
    _init_user_alloc                         0x08000a47   Thumb Code     2  init_alloc.o(.text)
    __Heap_Full                              0x08000a49   Thumb Code    34  init_alloc.o(.text)
    __Heap_Broken                            0x08000a6b   Thumb Code     6  init_alloc.o(.text)
    _init_alloc                              0x08000a71   Thumb Code    94  init_alloc.o(.text)
    __Heap_Initialize                        0x08000acf   Thumb Code    10  h1_init.o(.text)
    __Heap_DescSize                          0x08000ad9   Thumb Code     4  h1_init.o(.text)
    __read_errno                             0x08000add   Thumb Code    10  _rserrno.o(.text)
    __set_errno                              0x08000ae7   Thumb Code    12  _rserrno.o(.text)
    _printf_truncate_signed                  0x08000af3   Thumb Code    18  _printf_truncate.o(.text)
    _printf_truncate_unsigned                0x08000b05   Thumb Code    18  _printf_truncate.o(.text)
    _printf_int_common                       0x08000b17   Thumb Code   178  _printf_intcommon.o(.text)
    _printf_charcount                        0x08000bc9   Thumb Code    40  _printf_charcount.o(.text)
    __lib_sel_fp_printf                      0x08000bf1   Thumb Code     2  _printf_fp_dec.o(.text)
    _printf_fp_dec_real                      0x08000da3   Thumb Code   620  _printf_fp_dec.o(.text)
    _printf_char_common                      0x0800101b   Thumb Code    32  _printf_char_common.o(.text)
    _sputc                                   0x08001041   Thumb Code    10  _sputc.o(.text)
    _snputc                                  0x0800104b   Thumb Code    16  _snputc.o(.text)
    _printf_cs_common                        0x0800105b   Thumb Code    20  _printf_char.o(.text)
    _printf_char                             0x0800106f   Thumb Code    16  _printf_char.o(.text)
    _printf_string                           0x0800107f   Thumb Code     8  _printf_char.o(.text)
    _printf_wctomb                           0x08001089   Thumb Code   182  _printf_wctomb.o(.text)
    _printf_longlong_dec                     0x08001145   Thumb Code   108  _printf_longlong_dec.o(.text)
    _printf_longlong_oct                     0x080011c1   Thumb Code    66  _printf_oct_int_ll.o(.text)
    _printf_int_oct                          0x08001203   Thumb Code    24  _printf_oct_int_ll.o(.text)
    _printf_ll_oct                           0x0800121b   Thumb Code    12  _printf_oct_int_ll.o(.text)
    __user_libspace                          0x08001231   Thumb Code     8  libspace.o(.text)
    __user_perproc_libspace                  0x08001231   Thumb Code     0  libspace.o(.text)
    __user_perthread_libspace                0x08001231   Thumb Code     0  libspace.o(.text)
    __rt_locale                              0x08001239   Thumb Code     8  rt_locale_intlibspace.o(.text)
    __aeabi_errno_addr                       0x08001241   Thumb Code     8  rt_errno_addr_intlibspace.o(.text)
    __errno$intlibspace                      0x08001241   Thumb Code     0  rt_errno_addr_intlibspace.o(.text)
    __rt_errno_addr$intlibspace              0x08001241   Thumb Code     0  rt_errno_addr_intlibspace.o(.text)
    __Heap_ProvideMemory                     0x08001249   Thumb Code    52  h1_extend.o(.text)
    _ll_udiv10                               0x0800127d   Thumb Code   138  lludiv10.o(.text)
    _printf_fp_hex_real                      0x08001309   Thumb Code   756  _printf_fp_hex.o(.text)
    _printf_fp_infnan                        0x08001605   Thumb Code   112  _printf_fp_infnan.o(.text)
    _printf_lcs_common                       0x08001685   Thumb Code    20  _printf_wchar.o(.text)
    _printf_wchar                            0x08001699   Thumb Code    16  _printf_wchar.o(.text)
    _printf_wstring                          0x080016a9   Thumb Code     8  _printf_wchar.o(.text)
    _btod_etento                             0x080016b1   Thumb Code   224  bigflt0.o(.text)
    _wcrtomb                                 0x08001795   Thumb Code    64  _wcrtomb.o(.text)
    __rt_SIGRTMEM                            0x080017d5   Thumb Code    14  defsig_rtmem_outer.o(.text)
    __I$use$semihosting                      0x080017e3   Thumb Code     0  use_no_semi.o(.text)
    __use_no_semihosting_swi                 0x080017e3   Thumb Code     2  use_no_semi.o(.text)
    __semihosting_library_function           0x080017e5   Thumb Code     0  indicate_semi.o(.text)
    __user_setup_stackheap                   0x080017e5   Thumb Code    74  sys_stackheap_outer.o(.text)
    exit                                     0x0800182f   Thumb Code    18  exit.o(.text)
    __sig_exit                               0x08001841   Thumb Code    10  defsig_exit.o(.text)
    __rt_SIGRTMEM_inner                      0x0800184d   Thumb Code    22  defsig_rtmem_inner.o(.text)
    strcmp                                   0x0800189d   Thumb Code   128  strcmpv7m.o(.text)
    _sys_exit                                0x0800191d   Thumb Code     8  sys_exit.o(.text)
    __default_signal_display                 0x08001929   Thumb Code    50  defsig_general.o(.text)
    _ttywrch                                 0x0800195b   Thumb Code    14  sys_wrch.o(.text)
    _btod_d2e                                0x08001969   Thumb Code    62  btod.o(CL$$btod_d2e)
    _d2e_denorm_low                          0x080019a7   Thumb Code    70  btod.o(CL$$btod_d2e_denorm_low)
    _d2e_norm_op1                            0x080019ed   Thumb Code    96  btod.o(CL$$btod_d2e_norm_op1)
    __btod_div_common                        0x08001a4d   Thumb Code   696  btod.o(CL$$btod_div_common)
    _e2e                                     0x08001d85   Thumb Code   220  btod.o(CL$$btod_e2e)
    _btod_ediv                               0x08001e61   Thumb Code    42  btod.o(CL$$btod_ediv)
    _btod_emul                               0x08001e8b   Thumb Code    42  btod.o(CL$$btod_emul)
    __btod_mult_common                       0x08001eb5   Thumb Code   580  btod.o(CL$$btod_mult_common)
    BASE64_Decode                            0x080020f9   Thumb Code   360  base64.o(i.BASE64_Decode)
    BASE64_Encode                            0x08002265   Thumb Code   320  base64.o(i.BASE64_Encode)
    DEBUG_USERT_INIT                         0x080023a9   Thumb Code   166  usart.o(i.DEBUG_USERT_INIT)
    DS18B20_check                            0x08002459   Thumb Code    78  ds18b20.o(i.DS18B20_check)
    DS18B20_get_temperature                  0x080024ad   Thumb Code   142  ds18b20.o(i.DS18B20_get_temperature)
    DS18B20_init                             0x08002541   Thumb Code    50  ds18b20.o(i.DS18B20_init)
    ESP8266_Clear                            0x080026a1   Thumb Code    20  esp8266.o(i.ESP8266_Clear)
    ESP8266_GetIPD                           0x080026bd   Thumb Code    68  esp8266.o(i.ESP8266_GetIPD)
    ESP8266_Init                             0x0800270d   Thumb Code   152  esp8266.o(i.ESP8266_Init)
    ESP8266_SendCmd                          0x08002851   Thumb Code    76  esp8266.o(i.ESP8266_SendCmd)
    ESP8266_SendData                         0x080028a5   Thumb Code    46  esp8266.o(i.ESP8266_SendData)
    ESP8266_USERT_INIT                       0x080028ed   Thumb Code   162  usart.o(i.ESP8266_USERT_INIT)
    ESP8266_WaitRecive                       0x08002999   Thumb Code    42  esp8266.o(i.ESP8266_WaitRecive)
    EXTI0_IRQHandler                         0x080029cd   Thumb Code   138  key.o(i.EXTI0_IRQHandler)
    EXTI1_IRQHandler                         0x08002a69   Thumb Code   150  key.o(i.EXTI1_IRQHandler)
    EXTI9_5_IRQHandler                       0x08002b11   Thumb Code   136  key.o(i.EXTI9_5_IRQHandler)
    EXTI_ClearITPendingBit                   0x08002ba9   Thumb Code     6  stm32f10x_exti.o(i.EXTI_ClearITPendingBit)
    EXTI_GetITStatus                         0x08002bb5   Thumb Code    34  stm32f10x_exti.o(i.EXTI_GetITStatus)
    EXTI_Init                                0x08002bdd   Thumb Code   142  stm32f10x_exti.o(i.EXTI_Init)
    GPIO_EXTILineConfig                      0x08002c71   Thumb Code    60  stm32f10x_gpio.o(i.GPIO_EXTILineConfig)
    GPIO_Init                                0x08002cb1   Thumb Code   278  stm32f10x_gpio.o(i.GPIO_Init)
    GPIO_ReadInputDataBit                    0x08002dc7   Thumb Code    18  stm32f10x_gpio.o(i.GPIO_ReadInputDataBit)
    GPIO_WriteBit                            0x08002dd9   Thumb Code    10  stm32f10x_gpio.o(i.GPIO_WriteBit)
    HEATER_init                              0x08002de5   Thumb Code    56  key.o(i.HEATER_init)
    Handware_init                            0x08002e21   Thumb Code   102  main.o(i.Handware_init)
    LCD1602_gpio_init                        0x08002ebd   Thumb Code   204  lcd1602.o(i.LCD1602_gpio_init)
    LCD1602_init                             0x08002f91   Thumb Code    32  lcd1602.o(i.LCD1602_init)
    LCD_Pow                                  0x08002fb1   Thumb Code    22  lcd1602.o(i.LCD_Pow)
    LCD_ShowNum                              0x08002fc7   Thumb Code    68  lcd1602.o(i.LCD_ShowNum)
    LCD_ShowString                           0x0800300b   Thumb Code    42  lcd1602.o(i.LCD_ShowString)
    LEVEL_init                               0x08003035   Thumb Code    42  key.o(i.LEVEL_init)
    MQTT_DeleteBuffer                        0x08003065   Thumb Code    28  mqttkit.o(i.MQTT_DeleteBuffer)
    MQTT_DumpLength                          0x08003081   Thumb Code    46  mqttkit.o(i.MQTT_DumpLength)
    MQTT_NewBuffer                           0x080030af   Thumb Code    88  mqttkit.o(i.MQTT_NewBuffer)
    MQTT_PacketConnect                       0x08003109   Thumb Code   666  mqttkit.o(i.MQTT_PacketConnect)
    MQTT_PacketPublish                       0x080033a9   Thumb Code   440  mqttkit.o(i.MQTT_PacketPublish)
    MQTT_PacketSaveData                      0x08003561   Thumb Code    68  mqttkit.o(i.MQTT_PacketSaveData)
    MQTT_PacketSubscribe                     0x080035c5   Thumb Code   254  mqttkit.o(i.MQTT_PacketSubscribe)
    MQTT_ReadLength                          0x080036c3   Thumb Code    70  mqttkit.o(i.MQTT_ReadLength)
    MQTT_UnPacketConnectAck                  0x08003709   Thumb Code    30  mqttkit.o(i.MQTT_UnPacketConnectAck)
    MQTT_UnPacketPublish                     0x08003729   Thumb Code   438  mqttkit.o(i.MQTT_UnPacketPublish)
    MQTT_UnPacketPublishAck                  0x080038e9   Thumb Code    30  mqttkit.o(i.MQTT_UnPacketPublishAck)
    MQTT_UnPacketRecv                        0x08003909   Thumb Code   106  mqttkit.o(i.MQTT_UnPacketRecv)
    MQTT_UnPacketSubscribe                   0x0800397d   Thumb Code    52  mqttkit.o(i.MQTT_UnPacketSubscribe)
    NVIC_Init                                0x080039b1   Thumb Code   100  misc.o(i.NVIC_Init)
    OneNET_Subscribe                         0x08003cd5   Thumb Code    82  onenet.o(i.OneNET_Subscribe)
    OneNet_DevLink                           0x08003d75   Thumb Code   242  onenet.o(i.OneNet_DevLink)
    OneNet_FillBuf                           0x08003ff1   Thumb Code   240  onenet.o(i.OneNet_FillBuf)
    OneNet_RevPro                            0x080041c1   Thumb Code   534  onenet.o(i.OneNet_RevPro)
    OneNet_SendData                          0x080044c5   Thumb Code   122  onenet.o(i.OneNet_SendData)
    PUMP_init                                0x08004579   Thumb Code    56  key.o(i.PUMP_init)
    RCC_APB1PeriphClockCmd                   0x080045b5   Thumb Code    26  stm32f10x_rcc.o(i.RCC_APB1PeriphClockCmd)
    RCC_APB2PeriphClockCmd                   0x080045d5   Thumb Code    26  stm32f10x_rcc.o(i.RCC_APB2PeriphClockCmd)
    RCC_GetClocksFreq                        0x080045f5   Thumb Code   192  stm32f10x_rcc.o(i.RCC_GetClocksFreq)
    Show_lcd                                 0x080047b1   Thumb Code   146  main.o(i.Show_lcd)
    SystemInit                               0x0800486d   Thumb Code    78  system_stm32f10x.o(i.SystemInit)
    TIM2_IRQHandler                          0x080048cd   Thumb Code   120  key.o(i.TIM2_IRQHandler)
    TIM2_Init                                0x0800494d   Thumb Code   116  key.o(i.TIM2_Init)
    TIM3_IRQHandler                          0x080049c1   Thumb Code    28  esp8266.o(i.TIM3_IRQHandler)
    TIM3_Init                                0x080049e5   Thumb Code   114  esp8266.o(i.TIM3_Init)
    TIM_ClearFlag                            0x08004a5d   Thumb Code     6  stm32f10x_tim.o(i.TIM_ClearFlag)
    TIM_Cmd                                  0x08004a63   Thumb Code    24  stm32f10x_tim.o(i.TIM_Cmd)
    TIM_GetFlagStatus                        0x08004a7b   Thumb Code    18  stm32f10x_tim.o(i.TIM_GetFlagStatus)
    TIM_ITConfig                             0x08004a8d   Thumb Code    18  stm32f10x_tim.o(i.TIM_ITConfig)
    TIM_InternalClockConfig                  0x08004a9f   Thumb Code    12  stm32f10x_tim.o(i.TIM_InternalClockConfig)
    TIM_TimeBaseInit                         0x08004aad   Thumb Code   122  stm32f10x_tim.o(i.TIM_TimeBaseInit)
    USART2_IRQHandler                        0x08004b51   Thumb Code    64  esp8266.o(i.USART2_IRQHandler)
    USART_ClearFlag                          0x08004b9d   Thumb Code    18  stm32f10x_usart.o(i.USART_ClearFlag)
    USART_Cmd                                0x08004baf   Thumb Code    24  stm32f10x_usart.o(i.USART_Cmd)
    USART_GetFlagStatus                      0x08004bc7   Thumb Code    26  stm32f10x_usart.o(i.USART_GetFlagStatus)
    USART_GetITStatus                        0x08004be1   Thumb Code    84  stm32f10x_usart.o(i.USART_GetITStatus)
    USART_ITConfig                           0x08004c35   Thumb Code    74  stm32f10x_usart.o(i.USART_ITConfig)
    USART_Init                               0x08004c81   Thumb Code   210  stm32f10x_usart.o(i.USART_Init)
    USART_SendData                           0x08004d59   Thumb Code     8  stm32f10x_usart.o(i.USART_SendData)
    UsartPrintf                              0x08004d61   Thumb Code    72  usart.o(i.UsartPrintf)
    Usart_SendString                         0x08004da9   Thumb Code    50  usart.o(i.Usart_SendString)
    WriteByteCmd                             0x08004ddd   Thumb Code   186  lcd1602.o(i.WriteByteCmd)
    WriteByteData                            0x08004ea1   Thumb Code   200  lcd1602.o(i.WriteByteData)
    __ARM_fpclassify                         0x08004f71   Thumb Code    40  fpclassify.o(i.__ARM_fpclassify)
    __kernel_poly                            0x08004f99   Thumb Code   170  poly.o(i.__kernel_poly)
    __mathlib_dbl_divzero                    0x08005045   Thumb Code    12  dunder.o(i.__mathlib_dbl_divzero)
    __mathlib_dbl_infnan2                    0x08005055   Thumb Code     4  dunder.o(i.__mathlib_dbl_infnan2)
    __mathlib_dbl_invalid                    0x08005059   Thumb Code    12  dunder.o(i.__mathlib_dbl_invalid)
    __mathlib_dbl_overflow                   0x08005065   Thumb Code    14  dunder.o(i.__mathlib_dbl_overflow)
    __mathlib_dbl_underflow                  0x08005075   Thumb Code    10  dunder.o(i.__mathlib_dbl_underflow)
    _is_digit                                0x08005085   Thumb Code    14  __printf_wp.o(i._is_digit)
    cJSON_Delete                             0x08005095   Thumb Code    82  cjson.o(i.cJSON_Delete)
    cJSON_GetObjectItem                      0x080050ed   Thumb Code    30  cjson.o(i.cJSON_GetObjectItem)
    cJSON_Parse                              0x0800512d   Thumb Code    16  cjson.o(i.cJSON_Parse)
    cJSON_ParseWithOpts                      0x0800513d   Thumb Code    96  cjson.o(i.cJSON_ParseWithOpts)
    delay_init                               0x080051ed   Thumb Code    48  delay.o(i.delay_init)
    delay_ms                                 0x08005225   Thumb Code    24  delay.o(i.delay_ms)
    delay_us                                 0x0800523d   Thumb Code    60  delay.o(i.delay_us)
    ft                                       0x0800527d   Thumb Code    76  hmac_sha1.o(i.ft)
    hmac_sha1                                0x080052c9   Thumb Code   302  hmac_sha1.o(i.hmac_sha1)
    k                                        0x080053f9   Thumb Code    34  hmac_sha1.o(i.k)
    key_init                                 0x0800542d   Thumb Code   242  key.o(i.key_init)
    main                                     0x08005525   Thumb Code  1224  main.o(i.main)
    pow                                      0x08006111   Thumb Code  2512  pow.o(i.pow)
    rotl                                     0x08006ae9   Thumb Code    46  hmac_sha1.o(i.rotl)
    scan_key                                 0x08006b19   Thumb Code   100  key.o(i.scan_key)
    sha1                                     0x08006bb5   Thumb Code   632  hmac_sha1.o(i.sha1)
    sqrt                                     0x08006e4b   Thumb Code    76  sqrt.o(i.sqrt)
    _get_lc_ctype                            0x08006e99   Thumb Code    44  lc_ctype_c.o(locale$$code)
    _get_lc_numeric                          0x08006ec5   Thumb Code    44  lc_numeric_c.o(locale$$code)
    __aeabi_dadd                             0x08006ef1   Thumb Code     0  daddsub_clz.o(x$fpl$dadd)
    _dadd                                    0x08006ef1   Thumb Code   332  daddsub_clz.o(x$fpl$dadd)
    __fpl_dcheck_NaN1                        0x08007041   Thumb Code    10  dcheck1.o(x$fpl$dcheck1)
    __fpl_dcmp_Inf                           0x08007051   Thumb Code    24  dcmpi.o(x$fpl$dcmpinf)
    __aeabi_ddiv                             0x08007069   Thumb Code     0  ddiv.o(x$fpl$ddiv)
    _ddiv                                    0x08007069   Thumb Code   552  ddiv.o(x$fpl$ddiv)
    __aeabi_d2iz                             0x08007319   Thumb Code     0  dfix.o(x$fpl$dfix)
    _dfix                                    0x08007319   Thumb Code    94  dfix.o(x$fpl$dfix)
    __aeabi_i2d                              0x08007377   Thumb Code     0  dflt_clz.o(x$fpl$dflt)
    _dflt                                    0x08007377   Thumb Code    46  dflt_clz.o(x$fpl$dflt)
    __aeabi_cdcmple                          0x080073a5   Thumb Code     0  dleqf.o(x$fpl$dleqf)
    _dcmple                                  0x080073a5   Thumb Code   120  dleqf.o(x$fpl$dleqf)
    __fpl_dcmple_InfNaN                      0x08007407   Thumb Code     0  dleqf.o(x$fpl$dleqf)
    __aeabi_dmul                             0x0800741d   Thumb Code     0  dmul.o(x$fpl$dmul)
    _dmul                                    0x0800741d   Thumb Code   332  dmul.o(x$fpl$dmul)
    __fpl_dnaninf                            0x08007571   Thumb Code   156  dnaninf.o(x$fpl$dnaninf)
    __fpl_dretinf                            0x0800760d   Thumb Code    12  dretinf.o(x$fpl$dretinf)
    __aeabi_cdrcmple                         0x08007619   Thumb Code     0  drleqf.o(x$fpl$drleqf)
    _drcmple                                 0x08007619   Thumb Code   108  drleqf.o(x$fpl$drleqf)
    __aeabi_drsub                            0x08007685   Thumb Code     0  daddsub_clz.o(x$fpl$drsb)
    _drsb                                    0x08007685   Thumb Code    22  daddsub_clz.o(x$fpl$drsb)
    _dsqrt                                   0x0800769d   Thumb Code   456  dsqrt_noumaal.o(x$fpl$dsqrt)
    __aeabi_dsub                             0x08007869   Thumb Code     0  daddsub_clz.o(x$fpl$dsub)
    _dsub                                    0x08007869   Thumb Code   464  daddsub_clz.o(x$fpl$dsub)
    _printf_fp_dec                           0x08007a3d   Thumb Code     4  printf1.o(x$fpl$printf1)
    _printf_fp_hex                           0x08007a41   Thumb Code     4  printf2.o(x$fpl$printf2)
    __fpl_return_NaN                         0x08007a45   Thumb Code   100  retnan.o(x$fpl$retnan)
    __ARM_scalbn                             0x08007aa9   Thumb Code    92  scalbn.o(x$fpl$scalbn)
    __fpl_cmpreturn                          0x08007b05   Thumb Code    48  trapv.o(x$fpl$trapveneer)
    __I$use$fp                               0x08007b34   Number         0  usenofp.o(x$fpl$usenofp)
    __mathlib_zero                           0x08007cc8   Data           8  qnan.o(.constdata)
    Region$$Table$$Base                      0x08007dd4   Number         0  anon$$obj.o(Region$$Table)
    Region$$Table$$Limit                     0x08007df4   Number         0  anon$$obj.o(Region$$Table)
    __ctype                                  0x08007e01   Data           0  lc_ctype_c.o(locale$$data)
    esp8266_cnt                              0x20000014   Data           2  esp8266.o(.data)
    esp8266_cntPre                           0x20000016   Data           2  esp8266.o(.data)
    g_tim2_cnt                               0x20000028   Data           4  key.o(.data)
    key1                                     0x2000002c   Data           2  key.o(.data)
    key2                                     0x2000002e   Data           2  key.o(.data)
    key3                                     0x20000030   Data           2  key.o(.data)
    Temp                                     0x20000038   Data           4  main.o(.data)
    SET_TEMP_LOW                             0x2000003c   Data           4  main.o(.data)
    SET_TEMP_HIGH                            0x20000040   Data           4  main.o(.data)
    MODE                                     0x20000044   Data           1  main.o(.data)
    pre_MODE                                 0x20000045   Data           1  main.o(.data)
    SET_TEMP                                 0x20000046   Data           1  main.o(.data)
    pre_SET_TEMP                             0x20000047   Data           1  main.o(.data)
    LACK_WATER                               0x20000048   Data           1  main.o(.data)
    PUMP_status                              0x20000049   Data           1  main.o(.data)
    HEATER_status                            0x2000004a   Data           1  main.o(.data)
    timeCount                                0x2000004b   Data           1  main.o(.data)
    SendWaitForAsk                           0x2000004c   Data           1  main.o(.data)
    UsCount                                  0x2000004e   Data           1  delay.o(.data)
    MsCount                                  0x20000050   Data           2  delay.o(.data)
    esp8266_buf                              0x20000054   Data         512  esp8266.o(.bss)
    __libspace_start                         0x20000254   Data          96  libspace.o(.bss)
    __temporary_stack_top$libspace           0x200002b4   Data           0  libspace.o(.bss)



==============================================================================

Memory Map of the image

  Image Entry point : 0x080000ed

  Load Region LR_IROM1 (Base: 0x08000000, Size: 0x00007f74, Max: 0x00020000, ABSOLUTE)

    Execution Region ER_IROM1 (Exec base: 0x08000000, Load base: 0x08000000, Size: 0x00007f20, Max: 0x00020000, ABSOLUTE)

    Exec Addr    Load Addr    Size         Type   Attr      Idx    E Section Name        Object

    0x08000000   0x08000000   0x000000ec   Data   RO          132    RESET               startup_stm32f10x_md.o
    0x080000ec   0x080000ec   0x00000008   Code   RO         4333  * !!!main             c_w.l(__main.o)
    0x080000f4   0x080000f4   0x00000034   Code   RO         4751    !!!scatter          c_w.l(__scatter.o)
    0x08000128   0x08000128   0x0000001a   Code   RO         4753    !!handler_copy      c_w.l(__scatter_copy.o)
    0x08000142   0x08000142   0x00000002   PAD
    0x08000144   0x08000144   0x0000001c   Code   RO         4755    !!handler_zi        c_w.l(__scatter_zi.o)
    0x08000160   0x08000160   0x00000000   Code   RO         4302    .ARM.Collect$$_printf_percent$$00000000  c_w.l(_printf_percent.o)
    0x08000160   0x08000160   0x00000006   Code   RO         4437    .ARM.Collect$$_printf_percent$$00000001  c_w.l(_printf_n.o)
    0x08000166   0x08000166   0x00000006   Code   RO         4438    .ARM.Collect$$_printf_percent$$00000002  c_w.l(_printf_p.o)
    0x0800016c   0x0800016c   0x00000006   Code   RO         4300    .ARM.Collect$$_printf_percent$$00000003  c_w.l(_printf_f.o)
    0x08000172   0x08000172   0x00000006   Code   RO         4301    .ARM.Collect$$_printf_percent$$00000004  c_w.l(_printf_e.o)
    0x08000178   0x08000178   0x00000006   Code   RO         4442    .ARM.Collect$$_printf_percent$$00000005  c_w.l(_printf_g.o)
    0x0800017e   0x0800017e   0x00000006   Code   RO         4443    .ARM.Collect$$_printf_percent$$00000006  c_w.l(_printf_a.o)
    0x08000184   0x08000184   0x0000000a   Code   RO         4448    .ARM.Collect$$_printf_percent$$00000007  c_w.l(_printf_ll.o)
    0x0800018e   0x0800018e   0x00000006   Code   RO         4440    .ARM.Collect$$_printf_percent$$00000008  c_w.l(_printf_i.o)
    0x08000194   0x08000194   0x00000006   Code   RO         4299    .ARM.Collect$$_printf_percent$$00000009  c_w.l(_printf_d.o)
    0x0800019a   0x0800019a   0x00000006   Code   RO         4441    .ARM.Collect$$_printf_percent$$0000000A  c_w.l(_printf_u.o)
    0x080001a0   0x080001a0   0x00000006   Code   RO         4439    .ARM.Collect$$_printf_percent$$0000000B  c_w.l(_printf_o.o)
    0x080001a6   0x080001a6   0x00000006   Code   RO         4298    .ARM.Collect$$_printf_percent$$0000000C  c_w.l(_printf_x.o)
    0x080001ac   0x080001ac   0x00000006   Code   RO         4445    .ARM.Collect$$_printf_percent$$0000000D  c_w.l(_printf_lli.o)
    0x080001b2   0x080001b2   0x00000006   Code   RO         4446    .ARM.Collect$$_printf_percent$$0000000E  c_w.l(_printf_lld.o)
    0x080001b8   0x080001b8   0x00000006   Code   RO         4447    .ARM.Collect$$_printf_percent$$0000000F  c_w.l(_printf_llu.o)
    0x080001be   0x080001be   0x00000006   Code   RO         4452    .ARM.Collect$$_printf_percent$$00000010  c_w.l(_printf_llo.o)
    0x080001c4   0x080001c4   0x00000006   Code   RO         4453    .ARM.Collect$$_printf_percent$$00000011  c_w.l(_printf_llx.o)
    0x080001ca   0x080001ca   0x0000000a   Code   RO         4449    .ARM.Collect$$_printf_percent$$00000012  c_w.l(_printf_l.o)
    0x080001d4   0x080001d4   0x00000006   Code   RO         4436    .ARM.Collect$$_printf_percent$$00000013  c_w.l(_printf_c.o)
    0x080001da   0x080001da   0x00000006   Code   RO         4297    .ARM.Collect$$_printf_percent$$00000014  c_w.l(_printf_s.o)
    0x080001e0   0x080001e0   0x00000006   Code   RO         4450    .ARM.Collect$$_printf_percent$$00000015  c_w.l(_printf_lc.o)
    0x080001e6   0x080001e6   0x00000006   Code   RO         4451    .ARM.Collect$$_printf_percent$$00000016  c_w.l(_printf_ls.o)
    0x080001ec   0x080001ec   0x00000004   Code   RO         4444    .ARM.Collect$$_printf_percent$$00000017  c_w.l(_printf_percent_end.o)
    0x080001f0   0x080001f0   0x00000002   Code   RO         4684    .ARM.Collect$$libinit$$00000000  c_w.l(libinit.o)
    0x080001f2   0x080001f2   0x00000000   Code   RO         4463    .ARM.Collect$$libinit$$00000002  c_w.l(libinit2.o)
    0x080001f2   0x080001f2   0x00000000   Code   RO         4465    .ARM.Collect$$libinit$$00000004  c_w.l(libinit2.o)
    0x080001f2   0x080001f2   0x00000008   Code   RO         4466    .ARM.Collect$$libinit$$00000005  c_w.l(libinit2.o)
    0x080001fa   0x080001fa   0x00000000   Code   RO         4468    .ARM.Collect$$libinit$$0000000A  c_w.l(libinit2.o)
    0x080001fa   0x080001fa   0x00000000   Code   RO         4470    .ARM.Collect$$libinit$$0000000C  c_w.l(libinit2.o)
    0x080001fa   0x080001fa   0x00000000   Code   RO         4472    .ARM.Collect$$libinit$$0000000E  c_w.l(libinit2.o)
    0x080001fa   0x080001fa   0x00000006   Code   RO         4473    .ARM.Collect$$libinit$$0000000F  c_w.l(libinit2.o)
    0x08000200   0x08000200   0x00000000   Code   RO         4475    .ARM.Collect$$libinit$$00000011  c_w.l(libinit2.o)
    0x08000200   0x08000200   0x0000000c   Code   RO         4476    .ARM.Collect$$libinit$$00000012  c_w.l(libinit2.o)
    0x0800020c   0x0800020c   0x00000000   Code   RO         4477    .ARM.Collect$$libinit$$00000013  c_w.l(libinit2.o)
    0x0800020c   0x0800020c   0x00000000   Code   RO         4479    .ARM.Collect$$libinit$$00000015  c_w.l(libinit2.o)
    0x0800020c   0x0800020c   0x0000000a   Code   RO         4480    .ARM.Collect$$libinit$$00000016  c_w.l(libinit2.o)
    0x08000216   0x08000216   0x00000000   Code   RO         4481    .ARM.Collect$$libinit$$00000017  c_w.l(libinit2.o)
    0x08000216   0x08000216   0x00000000   Code   RO         4483    .ARM.Collect$$libinit$$00000019  c_w.l(libinit2.o)
    0x08000216   0x08000216   0x00000000   Code   RO         4485    .ARM.Collect$$libinit$$0000001B  c_w.l(libinit2.o)
    0x08000216   0x08000216   0x00000000   Code   RO         4487    .ARM.Collect$$libinit$$0000001D  c_w.l(libinit2.o)
    0x08000216   0x08000216   0x00000000   Code   RO         4489    .ARM.Collect$$libinit$$0000001F  c_w.l(libinit2.o)
    0x08000216   0x08000216   0x00000000   Code   RO         4491    .ARM.Collect$$libinit$$00000021  c_w.l(libinit2.o)
    0x08000216   0x08000216   0x00000000   Code   RO         4493    .ARM.Collect$$libinit$$00000023  c_w.l(libinit2.o)
    0x08000216   0x08000216   0x00000000   Code   RO         4495    .ARM.Collect$$libinit$$00000025  c_w.l(libinit2.o)
    0x08000216   0x08000216   0x00000000   Code   RO         4499    .ARM.Collect$$libinit$$0000002C  c_w.l(libinit2.o)
    0x08000216   0x08000216   0x00000000   Code   RO         4501    .ARM.Collect$$libinit$$0000002E  c_w.l(libinit2.o)
    0x08000216   0x08000216   0x00000000   Code   RO         4503    .ARM.Collect$$libinit$$00000030  c_w.l(libinit2.o)
    0x08000216   0x08000216   0x00000000   Code   RO         4505    .ARM.Collect$$libinit$$00000032  c_w.l(libinit2.o)
    0x08000216   0x08000216   0x00000002   Code   RO         4506    .ARM.Collect$$libinit$$00000033  c_w.l(libinit2.o)
    0x08000218   0x08000218   0x00000002   Code   RO         4748    .ARM.Collect$$libshutdown$$00000000  c_w.l(libshutdown.o)
    0x0800021a   0x0800021a   0x00000000   Code   RO         4700    .ARM.Collect$$libshutdown$$00000002  c_w.l(libshutdown2.o)
    0x0800021a   0x0800021a   0x00000000   Code   RO         4702    .ARM.Collect$$libshutdown$$00000004  c_w.l(libshutdown2.o)
    0x0800021a   0x0800021a   0x00000000   Code   RO         4704    .ARM.Collect$$libshutdown$$00000006  c_w.l(libshutdown2.o)
    0x0800021a   0x0800021a   0x00000000   Code   RO         4707    .ARM.Collect$$libshutdown$$00000009  c_w.l(libshutdown2.o)
    0x0800021a   0x0800021a   0x00000000   Code   RO         4710    .ARM.Collect$$libshutdown$$0000000C  c_w.l(libshutdown2.o)
    0x0800021a   0x0800021a   0x00000000   Code   RO         4712    .ARM.Collect$$libshutdown$$0000000E  c_w.l(libshutdown2.o)
    0x0800021a   0x0800021a   0x00000000   Code   RO         4715    .ARM.Collect$$libshutdown$$00000011  c_w.l(libshutdown2.o)
    0x0800021a   0x0800021a   0x00000002   Code   RO         4716    .ARM.Collect$$libshutdown$$00000012  c_w.l(libshutdown2.o)
    0x0800021c   0x0800021c   0x00000000   Code   RO         4379    .ARM.Collect$$rtentry$$00000000  c_w.l(__rtentry.o)
    0x0800021c   0x0800021c   0x00000000   Code   RO         4561    .ARM.Collect$$rtentry$$00000002  c_w.l(__rtentry2.o)
    0x0800021c   0x0800021c   0x00000006   Code   RO         4573    .ARM.Collect$$rtentry$$00000004  c_w.l(__rtentry4.o)
    0x08000222   0x08000222   0x00000000   Code   RO         4563    .ARM.Collect$$rtentry$$00000009  c_w.l(__rtentry2.o)
    0x08000222   0x08000222   0x00000004   Code   RO         4564    .ARM.Collect$$rtentry$$0000000A  c_w.l(__rtentry2.o)
    0x08000226   0x08000226   0x00000000   Code   RO         4566    .ARM.Collect$$rtentry$$0000000C  c_w.l(__rtentry2.o)
    0x08000226   0x08000226   0x00000008   Code   RO         4567    .ARM.Collect$$rtentry$$0000000D  c_w.l(__rtentry2.o)
    0x0800022e   0x0800022e   0x00000002   Code   RO         4689    .ARM.Collect$$rtexit$$00000000  c_w.l(rtexit.o)
    0x08000230   0x08000230   0x00000000   Code   RO         4722    .ARM.Collect$$rtexit$$00000002  c_w.l(rtexit2.o)
    0x08000230   0x08000230   0x00000004   Code   RO         4723    .ARM.Collect$$rtexit$$00000003  c_w.l(rtexit2.o)
    0x08000234   0x08000234   0x00000006   Code   RO         4724    .ARM.Collect$$rtexit$$00000004  c_w.l(rtexit2.o)
    0x0800023a   0x0800023a   0x00000002   PAD
    0x0800023c   0x0800023c   0x00000000   Code   RO         4587    .emb_text           c_w.l(maybetermalloc1.o)
    0x0800023c   0x0800023c   0x00000040   Code   RO          133    .text               startup_stm32f10x_md.o
    0x0800027c   0x0800027c   0x0000005e   Code   RO         4178    .text               c_w.l(h1_alloc.o)
    0x080002da   0x080002da   0x0000004e   Code   RO         4180    .text               c_w.l(h1_free.o)
    0x08000328   0x08000328   0x0000001a   Code   RO         4236    .text               c_w.l(tolower.o)
    0x08000342   0x08000342   0x00000002   PAD
    0x08000344   0x08000344   0x00000034   Code   RO         4238    .text               c_w.l(vsnprintf.o)
    0x08000378   0x08000378   0x0000002c   Code   RO         4240    .text               c_w.l(__2sprintf.o)
    0x080003a4   0x080003a4   0x00000038   Code   RO         4242    .text               c_w.l(__2snprintf.o)
    0x080003dc   0x080003dc   0x0000004e   Code   RO         4250    .text               c_w.l(_printf_pad.o)
    0x0800042a   0x0800042a   0x00000052   Code   RO         4252    .text               c_w.l(_printf_str.o)
    0x0800047c   0x0800047c   0x00000078   Code   RO         4254    .text               c_w.l(_printf_dec.o)
    0x080004f4   0x080004f4   0x00000094   Code   RO         4274    .text               c_w.l(_printf_hex_int_ll_ptr.o)
    0x08000588   0x08000588   0x00000188   Code   RO         4294    .text               c_w.l(__printf_flags_ss_wp.o)
    0x08000710   0x08000710   0x00000014   Code   RO         4309    .text               c_w.l(strchr.o)
    0x08000724   0x08000724   0x00000024   Code   RO         4311    .text               c_w.l(strncat.o)
    0x08000748   0x08000748   0x00000024   Code   RO         4313    .text               c_w.l(strstr.o)
    0x0800076c   0x0800076c   0x00000048   Code   RO         4315    .text               c_w.l(strcpy.o)
    0x080007b4   0x080007b4   0x0000003e   Code   RO         4317    .text               c_w.l(strlen.o)
    0x080007f2   0x080007f2   0x00000096   Code   RO         4319    .text               c_w.l(strncmp.o)
    0x08000888   0x08000888   0x00000018   Code   RO         4321    .text               c_w.l(strcat.o)
    0x080008a0   0x080008a0   0x0000008a   Code   RO         4323    .text               c_w.l(rt_memcpy_v6.o)
    0x0800092a   0x0800092a   0x00000064   Code   RO         4325    .text               c_w.l(rt_memcpy_w.o)
    0x0800098e   0x0800098e   0x00000044   Code   RO         4327    .text               c_w.l(rt_memclr.o)
    0x080009d2   0x080009d2   0x0000004e   Code   RO         4329    .text               c_w.l(rt_memclr_w.o)
    0x08000a20   0x08000a20   0x00000006   Code   RO         4331    .text               c_w.l(heapauxi.o)
    0x08000a26   0x08000a26   0x00000002   PAD
    0x08000a28   0x08000a28   0x00000010   Code   RO         4380    .text               c_w.l(rt_ctype_table.o)
    0x08000a38   0x08000a38   0x00000008   Code   RO         4385    .text               c_w.l(rt_heap_descriptor_intlibspace.o)
    0x08000a40   0x08000a40   0x00000004   Code   RO         4387    .text               c_w.l(hguard.o)
    0x08000a44   0x08000a44   0x0000008a   Code   RO         4389    .text               c_w.l(init_alloc.o)
    0x08000ace   0x08000ace   0x0000000e   Code   RO         4393    .text               c_w.l(h1_init.o)
    0x08000adc   0x08000adc   0x00000016   Code   RO         4407    .text               c_w.l(_rserrno.o)
    0x08000af2   0x08000af2   0x00000024   Code   RO         4409    .text               c_w.l(_printf_truncate.o)
    0x08000b16   0x08000b16   0x000000b2   Code   RO         4411    .text               c_w.l(_printf_intcommon.o)
    0x08000bc8   0x08000bc8   0x00000028   Code   RO         4413    .text               c_w.l(_printf_charcount.o)
    0x08000bf0   0x08000bf0   0x0000041e   Code   RO         4415    .text               c_w.l(_printf_fp_dec.o)
    0x0800100e   0x0800100e   0x00000002   PAD
    0x08001010   0x08001010   0x00000030   Code   RO         4417    .text               c_w.l(_printf_char_common.o)
    0x08001040   0x08001040   0x0000000a   Code   RO         4419    .text               c_w.l(_sputc.o)
    0x0800104a   0x0800104a   0x00000010   Code   RO         4421    .text               c_w.l(_snputc.o)
    0x0800105a   0x0800105a   0x0000002c   Code   RO         4423    .text               c_w.l(_printf_char.o)
    0x08001086   0x08001086   0x00000002   PAD
    0x08001088   0x08001088   0x000000bc   Code   RO         4425    .text               c_w.l(_printf_wctomb.o)
    0x08001144   0x08001144   0x0000007c   Code   RO         4428    .text               c_w.l(_printf_longlong_dec.o)
    0x080011c0   0x080011c0   0x00000070   Code   RO         4434    .text               c_w.l(_printf_oct_int_ll.o)
    0x08001230   0x08001230   0x00000008   Code   RO         4557    .text               c_w.l(libspace.o)
    0x08001238   0x08001238   0x00000008   Code   RO         4578    .text               c_w.l(rt_locale_intlibspace.o)
    0x08001240   0x08001240   0x00000008   Code   RO         4583    .text               c_w.l(rt_errno_addr_intlibspace.o)
    0x08001248   0x08001248   0x00000034   Code   RO         4589    .text               c_w.l(h1_extend.o)
    0x0800127c   0x0800127c   0x0000008a   Code   RO         4593    .text               c_w.l(lludiv10.o)
    0x08001306   0x08001306   0x00000002   PAD
    0x08001308   0x08001308   0x000002fc   Code   RO         4597    .text               c_w.l(_printf_fp_hex.o)
    0x08001604   0x08001604   0x00000080   Code   RO         4600    .text               c_w.l(_printf_fp_infnan.o)
    0x08001684   0x08001684   0x0000002c   Code   RO         4604    .text               c_w.l(_printf_wchar.o)
    0x080016b0   0x080016b0   0x000000e4   Code   RO         4608    .text               c_w.l(bigflt0.o)
    0x08001794   0x08001794   0x00000040   Code   RO         4633    .text               c_w.l(_wcrtomb.o)
    0x080017d4   0x080017d4   0x0000000e   Code   RO         4641    .text               c_w.l(defsig_rtmem_outer.o)
    0x080017e2   0x080017e2   0x00000002   Code   RO         4658    .text               c_w.l(use_no_semi.o)
    0x080017e4   0x080017e4   0x00000000   Code   RO         4660    .text               c_w.l(indicate_semi.o)
    0x080017e4   0x080017e4   0x0000004a   Code   RO         4661    .text               c_w.l(sys_stackheap_outer.o)
    0x0800182e   0x0800182e   0x00000012   Code   RO         4667    .text               c_w.l(exit.o)
    0x08001840   0x08001840   0x0000000a   Code   RO         4669    .text               c_w.l(defsig_exit.o)
    0x0800184a   0x0800184a   0x00000002   PAD
    0x0800184c   0x0800184c   0x00000050   Code   RO         4671    .text               c_w.l(defsig_rtmem_inner.o)
    0x0800189c   0x0800189c   0x00000080   Code   RO         4673    .text               c_w.l(strcmpv7m.o)
    0x0800191c   0x0800191c   0x0000000c   Code   RO         4687    .text               c_w.l(sys_exit.o)
    0x08001928   0x08001928   0x00000032   Code   RO         4697    .text               c_w.l(defsig_general.o)
    0x0800195a   0x0800195a   0x0000000e   Code   RO         4719    .text               c_w.l(sys_wrch.o)
    0x08001968   0x08001968   0x0000003e   Code   RO         4611    CL$$btod_d2e        c_w.l(btod.o)
    0x080019a6   0x080019a6   0x00000046   Code   RO         4613    CL$$btod_d2e_denorm_low  c_w.l(btod.o)
    0x080019ec   0x080019ec   0x00000060   Code   RO         4612    CL$$btod_d2e_norm_op1  c_w.l(btod.o)
    0x08001a4c   0x08001a4c   0x00000338   Code   RO         4621    CL$$btod_div_common  c_w.l(btod.o)
    0x08001d84   0x08001d84   0x000000dc   Code   RO         4618    CL$$btod_e2e        c_w.l(btod.o)
    0x08001e60   0x08001e60   0x0000002a   Code   RO         4615    CL$$btod_ediv       c_w.l(btod.o)
    0x08001e8a   0x08001e8a   0x0000002a   Code   RO         4614    CL$$btod_emul       c_w.l(btod.o)
    0x08001eb4   0x08001eb4   0x00000244   Code   RO         4620    CL$$btod_mult_common  c_w.l(btod.o)
    0x080020f8   0x080020f8   0x0000016c   Code   RO         3461    i.BASE64_Decode     base64.o
    0x08002264   0x08002264   0x00000144   Code   RO         3462    i.BASE64_Encode     base64.o
    0x080023a8   0x080023a8   0x000000b0   Code   RO         4135    i.DEBUG_USERT_INIT  usart.o
    0x08002458   0x08002458   0x00000054   Code   RO         3895    i.DS18B20_check     ds18b20.o
    0x080024ac   0x080024ac   0x00000094   Code   RO         3896    i.DS18B20_get_temperature  ds18b20.o
    0x08002540   0x08002540   0x00000038   Code   RO         3897    i.DS18B20_init      ds18b20.o
    0x08002578   0x08002578   0x00000048   Code   RO         3898    i.DS18B20_read_bit  ds18b20.o
    0x080025c0   0x080025c0   0x00000022   Code   RO         3899    i.DS18B20_read_byte  ds18b20.o
    0x080025e2   0x080025e2   0x00000002   PAD
    0x080025e4   0x080025e4   0x00000034   Code   RO         3900    i.DS18B20_reset     ds18b20.o
    0x08002618   0x08002618   0x00000018   Code   RO         3901    i.DS18B20_start     ds18b20.o
    0x08002630   0x08002630   0x00000070   Code   RO         3902    i.DS18B20_write_byte  ds18b20.o
    0x080026a0   0x080026a0   0x0000001c   Code   RO         3108    i.ESP8266_Clear     esp8266.o
    0x080026bc   0x080026bc   0x00000050   Code   RO         3109    i.ESP8266_GetIPD    esp8266.o
    0x0800270c   0x0800270c   0x00000144   Code   RO         3110    i.ESP8266_Init      esp8266.o
    0x08002850   0x08002850   0x00000054   Code   RO         3111    i.ESP8266_SendCmd   esp8266.o
    0x080028a4   0x080028a4   0x00000048   Code   RO         3112    i.ESP8266_SendData  esp8266.o
    0x080028ec   0x080028ec   0x000000ac   Code   RO         4136    i.ESP8266_USERT_INIT  usart.o
    0x08002998   0x08002998   0x00000034   Code   RO         3113    i.ESP8266_WaitRecive  esp8266.o
    0x080029cc   0x080029cc   0x0000009c   Code   RO         4012    i.EXTI0_IRQHandler  key.o
    0x08002a68   0x08002a68   0x000000a8   Code   RO         4013    i.EXTI1_IRQHandler  key.o
    0x08002b10   0x08002b10   0x00000098   Code   RO         4014    i.EXTI9_5_IRQHandler  key.o
    0x08002ba8   0x08002ba8   0x0000000c   Code   RO          939    i.EXTI_ClearITPendingBit  stm32f10x_exti.o
    0x08002bb4   0x08002bb4   0x00000028   Code   RO          943    i.EXTI_GetITStatus  stm32f10x_exti.o
    0x08002bdc   0x08002bdc   0x00000094   Code   RO          944    i.EXTI_Init         stm32f10x_exti.o
    0x08002c70   0x08002c70   0x00000040   Code   RO         1289    i.GPIO_EXTILineConfig  stm32f10x_gpio.o
    0x08002cb0   0x08002cb0   0x00000116   Code   RO         1292    i.GPIO_Init         stm32f10x_gpio.o
    0x08002dc6   0x08002dc6   0x00000012   Code   RO         1296    i.GPIO_ReadInputDataBit  stm32f10x_gpio.o
    0x08002dd8   0x08002dd8   0x0000000a   Code   RO         1303    i.GPIO_WriteBit     stm32f10x_gpio.o
    0x08002de2   0x08002de2   0x00000002   PAD
    0x08002de4   0x08002de4   0x0000003c   Code   RO         4015    i.HEATER_init       key.o
    0x08002e20   0x08002e20   0x0000009c   Code   RO         4081    i.Handware_init     main.o
    0x08002ebc   0x08002ebc   0x000000d4   Code   RO         3947    i.LCD1602_gpio_init  lcd1602.o
    0x08002f90   0x08002f90   0x00000020   Code   RO         3948    i.LCD1602_init      lcd1602.o
    0x08002fb0   0x08002fb0   0x00000016   Code   RO         3949    i.LCD_Pow           lcd1602.o
    0x08002fc6   0x08002fc6   0x00000044   Code   RO         3951    i.LCD_ShowNum       lcd1602.o
    0x0800300a   0x0800300a   0x0000002a   Code   RO         3953    i.LCD_ShowString    lcd1602.o
    0x08003034   0x08003034   0x00000030   Code   RO         4016    i.LEVEL_init        key.o
    0x08003064   0x08003064   0x0000001c   Code   RO         3192    i.MQTT_DeleteBuffer  mqttkit.o
    0x08003080   0x08003080   0x0000002e   Code   RO         3193    i.MQTT_DumpLength   mqttkit.o
    0x080030ae   0x080030ae   0x00000058   Code   RO         3194    i.MQTT_NewBuffer    mqttkit.o
    0x08003106   0x08003106   0x00000002   PAD
    0x08003108   0x08003108   0x000002a0   Code   RO         3196    i.MQTT_PacketConnect  mqttkit.o
    0x080033a8   0x080033a8   0x000001b8   Code   RO         3199    i.MQTT_PacketPublish  mqttkit.o
    0x08003560   0x08003560   0x00000064   Code   RO         3205    i.MQTT_PacketSaveData  mqttkit.o
    0x080035c4   0x080035c4   0x000000fe   Code   RO         3206    i.MQTT_PacketSubscribe  mqttkit.o
    0x080036c2   0x080036c2   0x00000046   Code   RO         3208    i.MQTT_ReadLength   mqttkit.o
    0x08003708   0x08003708   0x0000001e   Code   RO         3210    i.MQTT_UnPacketConnectAck  mqttkit.o
    0x08003726   0x08003726   0x00000002   PAD
    0x08003728   0x08003728   0x000001c0   Code   RO         3211    i.MQTT_UnPacketPublish  mqttkit.o
    0x080038e8   0x080038e8   0x0000001e   Code   RO         3212    i.MQTT_UnPacketPublishAck  mqttkit.o
    0x08003906   0x08003906   0x00000002   PAD
    0x08003908   0x08003908   0x00000074   Code   RO         3216    i.MQTT_UnPacketRecv  mqttkit.o
    0x0800397c   0x0800397c   0x00000034   Code   RO         3217    i.MQTT_UnPacketSubscribe  mqttkit.o
    0x080039b0   0x080039b0   0x00000070   Code   RO          137    i.NVIC_Init         misc.o
    0x08003a20   0x08003a20   0x00000118   Code   RO         3376    i.OTA_UrlEncode     onenet.o
    0x08003b38   0x08003b38   0x0000019c   Code   RO         3377    i.OneNET_Authorization  onenet.o
    0x08003cd4   0x08003cd4   0x000000a0   Code   RO         3380    i.OneNET_Subscribe  onenet.o
    0x08003d74   0x08003d74   0x0000027c   Code   RO         3381    i.OneNet_DevLink    onenet.o
    0x08003ff0   0x08003ff0   0x000001d0   Code   RO         3382    i.OneNet_FillBuf    onenet.o
    0x080041c0   0x080041c0   0x00000304   Code   RO         3383    i.OneNet_RevPro     onenet.o
    0x080044c4   0x080044c4   0x000000b4   Code   RO         3384    i.OneNet_SendData   onenet.o
    0x08004578   0x08004578   0x0000003c   Code   RO         4017    i.PUMP_init         key.o
    0x080045b4   0x080045b4   0x00000020   Code   RO         1708    i.RCC_APB1PeriphClockCmd  stm32f10x_rcc.o
    0x080045d4   0x080045d4   0x00000020   Code   RO         1710    i.RCC_APB2PeriphClockCmd  stm32f10x_rcc.o
    0x080045f4   0x080045f4   0x000000d4   Code   RO         1718    i.RCC_GetClocksFreq  stm32f10x_rcc.o
    0x080046c8   0x080046c8   0x00000008   Code   RO           17    i.SetSysClock       system_stm32f10x.o
    0x080046d0   0x080046d0   0x000000e0   Code   RO           18    i.SetSysClockTo72   system_stm32f10x.o
    0x080047b0   0x080047b0   0x000000bc   Code   RO         4082    i.Show_lcd          main.o
    0x0800486c   0x0800486c   0x00000060   Code   RO           20    i.SystemInit        system_stm32f10x.o
    0x080048cc   0x080048cc   0x00000080   Code   RO         4018    i.TIM2_IRQHandler   key.o
    0x0800494c   0x0800494c   0x00000074   Code   RO         4019    i.TIM2_Init         key.o
    0x080049c0   0x080049c0   0x00000024   Code   RO         3114    i.TIM3_IRQHandler   esp8266.o
    0x080049e4   0x080049e4   0x00000078   Code   RO         3115    i.TIM3_Init         esp8266.o
    0x08004a5c   0x08004a5c   0x00000006   Code   RO         2336    i.TIM_ClearFlag     stm32f10x_tim.o
    0x08004a62   0x08004a62   0x00000018   Code   RO         2342    i.TIM_Cmd           stm32f10x_tim.o
    0x08004a7a   0x08004a7a   0x00000012   Code   RO         2362    i.TIM_GetFlagStatus  stm32f10x_tim.o
    0x08004a8c   0x08004a8c   0x00000012   Code   RO         2367    i.TIM_ITConfig      stm32f10x_tim.o
    0x08004a9e   0x08004a9e   0x0000000c   Code   RO         2369    i.TIM_InternalClockConfig  stm32f10x_tim.o
    0x08004aaa   0x08004aaa   0x00000002   PAD
    0x08004aac   0x08004aac   0x000000a4   Code   RO         2413    i.TIM_TimeBaseInit  stm32f10x_tim.o
    0x08004b50   0x08004b50   0x0000004c   Code   RO         3116    i.USART2_IRQHandler  esp8266.o
    0x08004b9c   0x08004b9c   0x00000012   Code   RO         2874    i.USART_ClearFlag   stm32f10x_usart.o
    0x08004bae   0x08004bae   0x00000018   Code   RO         2878    i.USART_Cmd         stm32f10x_usart.o
    0x08004bc6   0x08004bc6   0x0000001a   Code   RO         2881    i.USART_GetFlagStatus  stm32f10x_usart.o
    0x08004be0   0x08004be0   0x00000054   Code   RO         2882    i.USART_GetITStatus  stm32f10x_usart.o
    0x08004c34   0x08004c34   0x0000004a   Code   RO         2884    i.USART_ITConfig    stm32f10x_usart.o
    0x08004c7e   0x08004c7e   0x00000002   PAD
    0x08004c80   0x08004c80   0x000000d8   Code   RO         2885    i.USART_Init        stm32f10x_usart.o
    0x08004d58   0x08004d58   0x00000008   Code   RO         2895    i.USART_SendData    stm32f10x_usart.o
    0x08004d60   0x08004d60   0x00000048   Code   RO         4137    i.UsartPrintf       usart.o
    0x08004da8   0x08004da8   0x00000032   Code   RO         4138    i.Usart_SendString  usart.o
    0x08004dda   0x08004dda   0x00000002   PAD
    0x08004ddc   0x08004ddc   0x000000c4   Code   RO         3954    i.WriteByteCmd      lcd1602.o
    0x08004ea0   0x08004ea0   0x000000d0   Code   RO         3955    i.WriteByteData     lcd1602.o
    0x08004f70   0x08004f70   0x00000028   Code   RO         4542    i.__ARM_fpclassify  m_ws.l(fpclassify.o)
    0x08004f98   0x08004f98   0x000000aa   Code   RO         4544    i.__kernel_poly     m_ws.l(poly.o)
    0x08005042   0x08005042   0x00000002   PAD
    0x08005044   0x08005044   0x00000010   Code   RO         4528    i.__mathlib_dbl_divzero  m_ws.l(dunder.o)
    0x08005054   0x08005054   0x00000004   Code   RO         4530    i.__mathlib_dbl_infnan2  m_ws.l(dunder.o)
    0x08005058   0x08005058   0x0000000c   Code   RO         4531    i.__mathlib_dbl_invalid  m_ws.l(dunder.o)
    0x08005064   0x08005064   0x0000000e   Code   RO         4532    i.__mathlib_dbl_overflow  m_ws.l(dunder.o)
    0x08005072   0x08005072   0x00000002   PAD
    0x08005074   0x08005074   0x00000010   Code   RO         4534    i.__mathlib_dbl_underflow  m_ws.l(dunder.o)
    0x08005084   0x08005084   0x0000000e   Code   RO         4287    i._is_digit         c_w.l(__printf_wp.o)
    0x08005092   0x08005092   0x00000002   PAD
    0x08005094   0x08005094   0x00000058   Code   RO         3557    i.cJSON_Delete      cjson.o
    0x080050ec   0x080050ec   0x0000001e   Code   RO         3566    i.cJSON_GetObjectItem  cjson.o
    0x0800510a   0x0800510a   0x00000002   PAD
    0x0800510c   0x0800510c   0x00000020   Code   RO         3570    i.cJSON_New_Item    cjson.o
    0x0800512c   0x0800512c   0x00000010   Code   RO         3571    i.cJSON_Parse       cjson.o
    0x0800513c   0x0800513c   0x00000064   Code   RO         3572    i.cJSON_ParseWithOpts  cjson.o
    0x080051a0   0x080051a0   0x0000004c   Code   RO         3578    i.cJSON_strcasecmp  cjson.o
    0x080051ec   0x080051ec   0x00000038   Code   RO         4108    i.delay_init        delay.o
    0x08005224   0x08005224   0x00000018   Code   RO         4109    i.delay_ms          delay.o
    0x0800523c   0x0800523c   0x00000040   Code   RO         4110    i.delay_us          delay.o
    0x0800527c   0x0800527c   0x0000004c   Code   RO         3488    i.ft                hmac_sha1.o
    0x080052c8   0x080052c8   0x0000012e   Code   RO         3489    i.hmac_sha1         hmac_sha1.o
    0x080053f6   0x080053f6   0x00000002   PAD
    0x080053f8   0x080053f8   0x00000034   Code   RO         3490    i.k                 hmac_sha1.o
    0x0800542c   0x0800542c   0x000000f8   Code   RO         4020    i.key_init          key.o
    0x08005524   0x08005524   0x000004d4   Code   RO         4083    i.main              main.o
    0x080059f8   0x080059f8   0x000000ac   Code   RO         3582    i.parse_array       cjson.o
    0x08005aa4   0x08005aa4   0x00000114   Code   RO         3583    i.parse_hex4        cjson.o
    0x08005bb8   0x08005bb8   0x000001bc   Code   RO         3584    i.parse_number      cjson.o
    0x08005d74   0x08005d74   0x00000114   Code   RO         3585    i.parse_object      cjson.o
    0x08005e88   0x08005e88   0x000001cc   Code   RO         3586    i.parse_string      cjson.o
    0x08006054   0x08006054   0x000000bc   Code   RO         3587    i.parse_value       cjson.o
    0x08006110   0x08006110   0x000009d8   Code   RO         4368    i.pow               m_ws.l(pow.o)
    0x08006ae8   0x08006ae8   0x0000002e   Code   RO         3491    i.rotl              hmac_sha1.o
    0x08006b16   0x08006b16   0x00000002   PAD
    0x08006b18   0x08006b18   0x00000070   Code   RO         4021    i.scan_key          key.o
    0x08006b88   0x08006b88   0x0000002c   Code   RO         3956    i.setAddr           lcd1602.o
    0x08006bb4   0x08006bb4   0x00000284   Code   RO         3493    i.sha1              hmac_sha1.o
    0x08006e38   0x08006e38   0x00000012   Code   RO         3595    i.skip              cjson.o
    0x08006e4a   0x08006e4a   0x0000004c   Code   RO         4548    i.sqrt              m_ws.l(sqrt.o)
    0x08006e96   0x08006e96   0x00000002   PAD
    0x08006e98   0x08006e98   0x0000002c   Code   RO         4636    locale$$code        c_w.l(lc_ctype_c.o)
    0x08006ec4   0x08006ec4   0x0000002c   Code   RO         4639    locale$$code        c_w.l(lc_numeric_c.o)
    0x08006ef0   0x08006ef0   0x00000150   Code   RO         4335    x$fpl$dadd          fz_ws.l(daddsub_clz.o)
    0x08007040   0x08007040   0x00000010   Code   RO         4650    x$fpl$dcheck1       fz_ws.l(dcheck1.o)
    0x08007050   0x08007050   0x00000018   Code   RO         4507    x$fpl$dcmpinf       fz_ws.l(dcmpi.o)
    0x08007068   0x08007068   0x000002b0   Code   RO         4510    x$fpl$ddiv          fz_ws.l(ddiv.o)
    0x08007318   0x08007318   0x0000005e   Code   RO         4343    x$fpl$dfix          fz_ws.l(dfix.o)
    0x08007376   0x08007376   0x0000002e   Code   RO         4348    x$fpl$dflt          fz_ws.l(dflt_clz.o)
    0x080073a4   0x080073a4   0x00000078   Code   RO         4353    x$fpl$dleqf         fz_ws.l(dleqf.o)
    0x0800741c   0x0800741c   0x00000154   Code   RO         4355    x$fpl$dmul          fz_ws.l(dmul.o)
    0x08007570   0x08007570   0x0000009c   Code   RO         4513    x$fpl$dnaninf       fz_ws.l(dnaninf.o)
    0x0800760c   0x0800760c   0x0000000c   Code   RO         4515    x$fpl$dretinf       fz_ws.l(dretinf.o)
    0x08007618   0x08007618   0x0000006c   Code   RO         4357    x$fpl$drleqf        fz_ws.l(drleqf.o)
    0x08007684   0x08007684   0x00000016   Code   RO         4336    x$fpl$drsb          fz_ws.l(daddsub_clz.o)
    0x0800769a   0x0800769a   0x00000002   PAD
    0x0800769c   0x0800769c   0x000001cc   Code   RO         4652    x$fpl$dsqrt         fz_ws.l(dsqrt_noumaal.o)
    0x08007868   0x08007868   0x000001d4   Code   RO         4337    x$fpl$dsub          fz_ws.l(daddsub_clz.o)
    0x08007a3c   0x08007a3c   0x00000004   Code   RO         4361    x$fpl$printf1       fz_ws.l(printf1.o)
    0x08007a40   0x08007a40   0x00000004   Code   RO         4519    x$fpl$printf2       fz_ws.l(printf2.o)
    0x08007a44   0x08007a44   0x00000064   Code   RO         4685    x$fpl$retnan        fz_ws.l(retnan.o)
    0x08007aa8   0x08007aa8   0x0000005c   Code   RO         4525    x$fpl$scalbn        fz_ws.l(scalbn.o)
    0x08007b04   0x08007b04   0x00000030   Code   RO         4717    x$fpl$trapveneer    fz_ws.l(trapv.o)
    0x08007b34   0x08007b34   0x00000000   Code   RO         4527    x$fpl$usenofp       fz_ws.l(usenofp.o)
    0x08007b34   0x08007b34   0x000000c0   Data   RO         3463    .constdata          base64.o
    0x08007bf4   0x08007bf4   0x00000007   Data   RO         3598    .constdata          cjson.o
    0x08007bfb   0x08007bfb   0x00000028   Data   RO         4275    .constdata          c_w.l(_printf_hex_int_ll_ptr.o)
    0x08007c23   0x08007c23   0x00000011   Data   RO         4295    .constdata          c_w.l(__printf_flags_ss_wp.o)
    0x08007c34   0x08007c34   0x00000004   PAD
    0x08007c38   0x08007c38   0x00000088   Data   RO         4369    .constdata          m_ws.l(pow.o)
    0x08007cc0   0x08007cc0   0x00000008   Data   RO         4426    .constdata          c_w.l(_printf_wctomb.o)
    0x08007cc8   0x08007cc8   0x00000008   Data   RO         4546    .constdata          m_ws.l(qnan.o)
    0x08007cd0   0x08007cd0   0x00000026   Data   RO         4598    .constdata          c_w.l(_printf_fp_hex.o)
    0x08007cf6   0x08007cf6   0x00000002   PAD
    0x08007cf8   0x08007cf8   0x00000094   Data   RO         4609    .constdata          c_w.l(bigflt0.o)
    0x08007d8c   0x08007d8c   0x00000047   Data   RO         3386    .conststring        onenet.o
    0x08007dd3   0x08007dd3   0x00000001   PAD
    0x08007dd4   0x08007dd4   0x00000020   Data   RO         4749    Region$$Table       anon$$obj.o
    0x08007df4   0x08007df4   0x00000110   Data   RO         4635    locale$$data        c_w.l(lc_ctype_c.o)
    0x08007f04   0x08007f04   0x0000001c   Data   RO         4638    locale$$data        c_w.l(lc_numeric_c.o)


    Execution Region RW_IRAM1 (Exec base: 0x20000000, Load base: 0x08007f20, Size: 0x00000cb8, Max: 0x00005000, ABSOLUTE)

    Exec Addr    Load Addr    Size         Type   Attr      Idx    E Section Name        Object

    0x20000000   0x08007f20   0x00000014   Data   RW         1738    .data               stm32f10x_rcc.o
    0x20000014   0x08007f34   0x00000004   Data   RW         3118    .data               esp8266.o
    0x20000018   0x08007f38   0x00000002   Data   RW         3387    .data               onenet.o
    0x2000001a   0x08007f3a   0x00000002   PAD
    0x2000001c   0x08007f3c   0x0000000c   Data   RW         3599    .data               cjson.o
    0x20000028   0x08007f48   0x0000000d   Data   RW         4022    .data               key.o
    0x20000035   0x08007f55   0x00000003   PAD
    0x20000038   0x08007f58   0x00000015   Data   RW         4084    .data               main.o
    0x2000004d   0x08007f6d   0x00000001   PAD
    0x2000004e   0x08007f6e   0x00000004   Data   RW         4111    .data               delay.o
    0x20000052   0x08007f72   0x00000002   PAD
    0x20000054        -       0x00000200   Zero   RW         3117    .bss                esp8266.o
    0x20000254        -       0x00000060   Zero   RW         4558    .bss                c_w.l(libspace.o)
    0x200002b4   0x08007f72   0x00000004   PAD
    0x200002b8        -       0x00000200   Zero   RW          131    HEAP                startup_stm32f10x_md.o
    0x200004b8        -       0x00000800   Zero   RW          130    STACK               startup_stm32f10x_md.o


==============================================================================

Image component sizes


      Code (inc. data)   RO Data    RW Data    ZI Data      Debug   Object Name

       688          8        192          0          0       3536   base64.o
      2176         82          7         12          0      11773   cjson.o
         0          0          0          0          0       4556   core_cm3.o
       144         12          0          4          0       1737   delay.o
       582         34          0          0          0       4261   ds18b20.o
       872        262          0          4        512       6457   esp8266.o
      1120         30          0          0          0       4319   hmac_sha1.o
      1248         92          0         13          0       5766   key.o
       824         26          0          0          0       4831   lcd1602.o
      1580        326          0         21          0       3030   main.o
       112         12          0          0          0       1020   misc.o
      2374         58          0          0          0      13800   mqttkit.o
      2904       1160         71          2          0      12048   onenet.o
        64         26        236          0       2560        828   startup_stm32f10x_md.o
       200         18          0          0          0       2108   stm32f10x_exti.o
       370          4          0          0          0       3786   stm32f10x_gpio.o
       276         32          0         20          0       4430   stm32f10x_rcc.o
       242         42          0          0          0       3982   stm32f10x_tim.o
       450          6          0          0          0       6179   stm32f10x_usart.o
       328         28          0          0          0     252677   system_stm32f10x.o
       470         20          0          0          0       3845   usart.o

    ----------------------------------------------------------------------
     17046       2278        539         84       3072     354969   Object Totals
         0          0         32          0          0          0   (incl. Generated)
        22          0          1          8          0          0   (incl. Padding)

    ----------------------------------------------------------------------

      Code (inc. data)   RO Data    RW Data    ZI Data      Debug   Library Member Name

        56          6          0          0          0         88   __2snprintf.o
        44          6          0          0          0         84   __2sprintf.o
         8          0          0          0          0         68   __main.o
       392          4         17          0          0         92   __printf_flags_ss_wp.o
        14          0          0          0          0         68   __printf_wp.o
         0          0          0          0          0          0   __rtentry.o
        12          0          0          0          0          0   __rtentry2.o
         6          0          0          0          0          0   __rtentry4.o
        52          8          0          0          0          0   __scatter.o
        26          0          0          0          0          0   __scatter_copy.o
        28          0          0          0          0          0   __scatter_zi.o
         6          0          0          0          0          0   _printf_a.o
         6          0          0          0          0          0   _printf_c.o
        44          0          0          0          0        108   _printf_char.o
        48          6          0          0          0         96   _printf_char_common.o
        40          0          0          0          0         68   _printf_charcount.o
         6          0          0          0          0          0   _printf_d.o
       120         16          0          0          0         92   _printf_dec.o
         6          0          0          0          0          0   _printf_e.o
         6          0          0          0          0          0   _printf_f.o
      1054          0          0          0          0        216   _printf_fp_dec.o
       764          8         38          0          0        100   _printf_fp_hex.o
       128         16          0          0          0         84   _printf_fp_infnan.o
         6          0          0          0          0          0   _printf_g.o
       148          4         40          0          0        160   _printf_hex_int_ll_ptr.o
         6          0          0          0          0          0   _printf_i.o
       178          0          0          0          0         88   _printf_intcommon.o
        10          0          0          0          0          0   _printf_l.o
         6          0          0          0          0          0   _printf_lc.o
        10          0          0          0          0          0   _printf_ll.o
         6          0          0          0          0          0   _printf_lld.o
         6          0          0          0          0          0   _printf_lli.o
         6          0          0          0          0          0   _printf_llo.o
         6          0          0          0          0          0   _printf_llu.o
         6          0          0          0          0          0   _printf_llx.o
       124         16          0          0          0         92   _printf_longlong_dec.o
         6          0          0          0          0          0   _printf_ls.o
         6          0          0          0          0          0   _printf_n.o
         6          0          0          0          0          0   _printf_o.o
       112         10          0          0          0        124   _printf_oct_int_ll.o
         6          0          0          0          0          0   _printf_p.o
        78          0          0          0          0        108   _printf_pad.o
         0          0          0          0          0          0   _printf_percent.o
         4          0          0          0          0          0   _printf_percent_end.o
         6          0          0          0          0          0   _printf_s.o
        82          0          0          0          0         80   _printf_str.o
        36          0          0          0          0         84   _printf_truncate.o
         6          0          0          0          0          0   _printf_u.o
        44          0          0          0          0        108   _printf_wchar.o
       188          6          8          0          0         92   _printf_wctomb.o
         6          0          0          0          0          0   _printf_x.o
        22          0          0          0          0        100   _rserrno.o
        16          0          0          0          0         68   _snputc.o
        10          0          0          0          0         68   _sputc.o
        64          0          0          0          0         92   _wcrtomb.o
       228          4        148          0          0         96   bigflt0.o
      1936        128          0          0          0        672   btod.o
        10          0          0          0          0         68   defsig_exit.o
        50          0          0          0          0         88   defsig_general.o
        80         58          0          0          0         76   defsig_rtmem_inner.o
        14          0          0          0          0         80   defsig_rtmem_outer.o
        18          0          0          0          0         80   exit.o
        94          0          0          0          0         80   h1_alloc.o
        52          0          0          0          0         68   h1_extend.o
        78          0          0          0          0         80   h1_free.o
        14          0          0          0          0         84   h1_init.o
         6          0          0          0          0        152   heapauxi.o
         4          0          0          0          0        136   hguard.o
         0          0          0          0          0          0   indicate_semi.o
       138          0          0          0          0        168   init_alloc.o
        44         10        272          0          0         76   lc_ctype_c.o
        44         10         28          0          0         76   lc_numeric_c.o
         2          0          0          0          0          0   libinit.o
        38          0          0          0          0          0   libinit2.o
         2          0          0          0          0          0   libshutdown.o
         2          0          0          0          0          0   libshutdown2.o
         8          4          0          0         96         68   libspace.o
       138          0          0          0          0         80   lludiv10.o
         0          0          0          0          0          0   maybetermalloc1.o
        16          4          0          0          0         76   rt_ctype_table.o
         8          4          0          0          0         68   rt_errno_addr_intlibspace.o
         8          4          0          0          0         68   rt_heap_descriptor_intlibspace.o
         8          4          0          0          0         68   rt_locale_intlibspace.o
        68          0          0          0          0         68   rt_memclr.o
        78          0          0          0          0         80   rt_memclr_w.o
       138          0          0          0          0         68   rt_memcpy_v6.o
       100          0          0          0          0         80   rt_memcpy_w.o
         2          0          0          0          0          0   rtexit.o
        10          0          0          0          0          0   rtexit2.o
        24          0          0          0          0         68   strcat.o
        20          0          0          0          0         68   strchr.o
       128          0          0          0          0         68   strcmpv7m.o
        72          0          0          0          0         80   strcpy.o
        62          0          0          0          0         76   strlen.o
        36          0          0          0          0         76   strncat.o
       150          0          0          0          0         80   strncmp.o
        36          0          0          0          0         80   strstr.o
        12          4          0          0          0         68   sys_exit.o
        74          0          0          0          0         80   sys_stackheap_outer.o
        14          0          0          0          0         76   sys_wrch.o
        26          0          0          0          0         76   tolower.o
         2          0          0          0          0         68   use_no_semi.o
        52          4          0          0          0         80   vsnprintf.o
       826         16          0          0          0        348   daddsub_clz.o
        16          4          0          0          0         68   dcheck1.o
        24          0          0          0          0         68   dcmpi.o
       688        140          0          0          0        208   ddiv.o
        94          4          0          0          0         92   dfix.o
        46          0          0          0          0         68   dflt_clz.o
       120          4          0          0          0         92   dleqf.o
       340         12          0          0          0        104   dmul.o
       156          4          0          0          0         92   dnaninf.o
        12          0          0          0          0         68   dretinf.o
       108          0          0          0          0         80   drleqf.o
       460         56          0          0          0        120   dsqrt_noumaal.o
         4          0          0          0          0         68   printf1.o
         4          0          0          0          0         68   printf2.o
       100          0          0          0          0         68   retnan.o
        92          0          0          0          0         68   scalbn.o
        48          0          0          0          0         68   trapv.o
         0          0          0          0          0          0   usenofp.o
        62         10          0          0          0        340   dunder.o
        40          0          0          0          0         68   fpclassify.o
       170          0          0          0          0         96   poly.o
      2520        190        136          0          0        324   pow.o
         0          0          8          0          0          0   qnan.o
        76          0          0          0          0         84   sqrt.o

    ----------------------------------------------------------------------
     14258        784        701          0        100       8936   Library Totals
        26          0          6          0          4          0   (incl. Padding)

    ----------------------------------------------------------------------

      Code (inc. data)   RO Data    RW Data    ZI Data      Debug   Library Name

      8226        344        551          0         96       6276   c_w.l
      3138        240          0          0          0       1748   fz_ws.l
      2868        200        144          0          0        912   m_ws.l

    ----------------------------------------------------------------------
     14258        784        701          0        100       8936   Library Totals

    ----------------------------------------------------------------------

==============================================================================


      Code (inc. data)   RO Data    RW Data    ZI Data      Debug   

     31304       3062       1240         84       3172     353137   Grand Totals
     31304       3062       1240         84       3172     353137   ELF Image Totals
     31304       3062       1240         84          0          0   ROM Totals

==============================================================================

    Total RO  Size (Code + RO Data)                32544 (  31.78kB)
    Total RW  Size (RW Data + ZI Data)              3256 (   3.18kB)
    Total ROM Size (Code + RO Data + RW Data)      32628 (  31.86kB)

==============================================================================

