<html>
<body>
<pre>
<h1>礦ision Build Log</h1>
<h2>Tool Versions:</h2>
IDE-Version: μVision V5.35.0.0
Copyright (C) 2021 ARM Ltd and ARM Germany GmbH. All rights reserved.
License Information: 1904161716@qq.com,  , LIC=WHYH9-4ERDM-01UP1-CURPI-KTD57-803R8
 
Tool Versions:
Toolchain:       MDK-ARM Plus  Version: 5.35.0.2
Toolchain Path:  D:\software\Keil_v5\ARM\ARMCC\Bin
C Compiler:      Armcc.exe V5.06 update 7 (build 960)
Assembler:       Armasm.exe V5.06 update 7 (build 960)
Linker/Locator:  ArmLink.exe V5.06 update 7 (build 960)
Library Manager: ArmAr.exe V5.06 update 7 (build 960)
Hex Converter:   FromElf.exe V5.06 update 7 (build 960)
CPU DLL:         SARMCM3.DLL V5.35.0.2
Dialog DLL:      DCM.DLL V1.17.3.0
Target DLL:      CMSIS_AGDI.dll V1.33.0.0
Dialog DLL:      TCM.DLL V1.53.0.0
 
<h2>Project:</h2>
D:\Desktop\智能饮水机\给用户\软件工程\swd_dev\project\SWD.uvprojx
Project File Date:  01/09/2025

<h2>Output:</h2>
*** Using Compiler 'V5.06 update 7 (build 960)', folder: 'D:\software\Keil_v5\ARM\ARMCC\Bin'
Rebuild target 'SWD'
assembling startup_stm32f10x_md.s...
compiling system_stm32f10x.c...
compiling stm32f10x_cec.c...
compiling core_cm3.c...
compiling stm32f10x_exti.c...
compiling stm32f10x_bkp.c...
compiling stm32f10x_crc.c...
compiling stm32f10x_dbgmcu.c...
compiling stm32f10x_dac.c...
compiling stm32f10x_adc.c...
compiling stm32f10x_dma.c...
compiling misc.c...
compiling stm32f10x_can.c...
compiling stm32f10x_flash.c...
compiling stm32f10x_fsmc.c...
compiling stm32f10x_gpio.c...
compiling stm32f10x_i2c.c...
compiling stm32f10x_iwdg.c...
compiling stm32f10x_pwr.c...
compiling stm32f10x_rcc.c...
compiling stm32f10x_wwdg.c...
compiling stm32f10x_rtc.c...
compiling stm32f10x_usart.c...
compiling stm32f10x_sdio.c...
compiling stm32f10x_spi.c...
compiling base64.c...
compiling MqttKit.c...
compiling esp8266.c...
compiling stm32f10x_tim.c...
compiling cJSON.c...
..\BSP\NET\cJSON.c(55): warning:  #1293-D: assignment in condition
        if (!(copy = (char*)cJSON_malloc(len))) return 0;
..\BSP\NET\cJSON.c(278): warning:  #1293-D: assignment in condition
  	ptr=str;while ((token=*ptr) && ++len) {if (strchr("\"\\\b\f\n\r\t",token)) len++; else if (token<32) len+=5;ptr++;}
..\BSP\NET\cJSON.c(352): warning:  #111-D: statement is unreachable
  	return p.buffer;
..\BSP\NET\cJSON.c(423): warning:  #1293-D: assignment in condition
  		if (!(new_item=cJSON_New_Item())) return 0; 	/* memory fail */
..\BSP\NET\cJSON.c(535): warning:  #1293-D: assignment in condition
  		if (!(new_item=cJSON_New_Item()))	return 0; /* memory fail */
..\BSP\NET\cJSON.c: 5 warnings, 0 errors
compiling hmac_sha1.c...
compiling onenet.c...
..\BSP\NET\onenet.c(566): warning:  #177-D: variable "data_ptr"  was declared but never referenced
  				char *data_ptr = NULL;
..\BSP\NET\onenet.c(552): warning:  #177-D: variable "dataPtr"  was declared but never referenced
  	char *dataPtr = NULL;
..\BSP\NET\onenet.c(553): warning:  #177-D: variable "numBuf"  was declared but never referenced
  	char numBuf[10];
..\BSP\NET\onenet.c(554): warning:  #177-D: variable "num"  was declared but never referenced
  	int num = 0;
..\BSP\NET\onenet.c: 4 warnings, 0 errors
compiling delay.c...
compiling LCD1602.c...
compiling key.c...
..\BSP\KEY\key.c(266): warning:  #940-D: missing return statement at end of non-void function "scan_key" 
  }
..\BSP\KEY\key.c: 1 warning, 0 errors
compiling main.c...
compiling DS18B20.c...
compiling usart.c...
linking...
Program Size: Code=31304 RO-data=1240 RW-data=84 ZI-data=3172  
FromELF: creating hex file...
".\Objects\SWD.axf" - 0 Error(s), 10 Warning(s).

<h2>Software Packages used:</h2>

Package Vendor: Keil
                http://www.keil.com/pack/Keil.CS32F1xx_DFP.1.0.0.pack
                Keil.CS32F1xx_DFP.1.0.0
                CKS CS32F1 Series Device Support, Drivers

<h2>Collection of Component include folders:</h2>
  D:\software\Keil_v5\Packs\Keil\CS32F1xx_DFP\1.0.0\Device\Include

<h2>Collection of Component Files used:</h2>
Build Time Elapsed:  00:00:02
</pre>
</body>
</html>
